Component: ARM Compiler 5.06 update 5 (build 528) Tool: armlink [4d35e2]

==============================================================================

Section Cross References

    system_stm32f10x.o(.text) refers to system_stm32f10x.o(.data) for .data
    startup_stm32f10x_hd.o(STACK) refers (Special) to heapauxi.o(.text) for __use_two_region_memory
    startup_stm32f10x_hd.o(HEAP) refers (Special) to heapauxi.o(.text) for __use_two_region_memory
    startup_stm32f10x_hd.o(RESET) refers (Special) to heapauxi.o(.text) for __use_two_region_memory
    startup_stm32f10x_hd.o(RESET) refers to startup_stm32f10x_hd.o(STACK) for __initial_sp
    startup_stm32f10x_hd.o(RESET) refers to startup_stm32f10x_hd.o(.text) for Reset_Handler
    startup_stm32f10x_hd.o(RESET) refers to stm32f10x_it.o(.text) for NMI_Handler
    startup_stm32f10x_hd.o(RESET) refers to port.o(.emb_text) for SVC_Handler
    startup_stm32f10x_hd.o(RESET) refers to delay.o(.text) for SysTick_Handler
    startup_stm32f10x_hd.o(.text) refers (Special) to heapauxi.o(.text) for __use_two_region_memory
    startup_stm32f10x_hd.o(.text) refers to system_stm32f10x.o(.text) for SystemInit
    startup_stm32f10x_hd.o(.text) refers to __main.o(!!!main) for __main
    startup_stm32f10x_hd.o(.text) refers to startup_stm32f10x_hd.o(HEAP) for Heap_Mem
    startup_stm32f10x_hd.o(.text) refers to startup_stm32f10x_hd.o(STACK) for Stack_Mem
    stm32f10x_adc.o(.text) refers to stm32f10x_rcc.o(.text) for RCC_APB2PeriphResetCmd
    stm32f10x_bkp.o(.text) refers to stm32f10x_rcc.o(.text) for RCC_BackupResetCmd
    stm32f10x_can.o(.text) refers to stm32f10x_rcc.o(.text) for RCC_APB1PeriphResetCmd
    stm32f10x_cec.o(.text) refers to stm32f10x_rcc.o(.text) for RCC_APB1PeriphResetCmd
    stm32f10x_dac.o(.text) refers to stm32f10x_rcc.o(.text) for RCC_APB1PeriphResetCmd
    stm32f10x_gpio.o(.text) refers to stm32f10x_rcc.o(.text) for RCC_APB2PeriphResetCmd
    stm32f10x_i2c.o(.text) refers to stm32f10x_rcc.o(.text) for RCC_APB1PeriphResetCmd
    stm32f10x_pwr.o(.text) refers to stm32f10x_rcc.o(.text) for RCC_APB1PeriphResetCmd
    stm32f10x_rcc.o(.text) refers to stm32f10x_rcc.o(.data) for .data
    stm32f10x_spi.o(.text) refers to stm32f10x_rcc.o(.text) for RCC_APB2PeriphResetCmd
    stm32f10x_tim.o(.text) refers to stm32f10x_rcc.o(.text) for RCC_APB1PeriphResetCmd
    stm32f10x_usart.o(.text) refers to stm32f10x_rcc.o(.text) for RCC_APB2PeriphResetCmd
    stm32f10x_wwdg.o(.text) refers to stm32f10x_rcc.o(.text) for RCC_APB1PeriphResetCmd
    system.o(.text) refers to sys.o(.text) for JTAG_Set
    system.o(.text) refers to misc.o(.text) for NVIC_PriorityGroupConfig
    system.o(.text) refers to delay.o(.text) for delay_init
    system.o(.text) refers to led.o(.text) for LED_Init
    system.o(.text) refers to oled.o(.text) for OLED_Init
    delay.o(.text) refers to misc.o(.text) for SysTick_CLKSourceConfig
    delay.o(.text) refers to tasks.o(.text) for xTaskGetSchedulerState
    delay.o(.text) refers to port.o(.text) for xPortSysTickHandler
    delay.o(.text) refers to system_stm32f10x.o(.data) for SystemCoreClock
    delay.o(.text) refers to delay.o(.data) for .data
    show.o(.text) refers to oled.o(.text) for OLED_ShowString
    show.o(.text) refers to delay.o(.text) for getSysTickCnt
    show.o(.text) refers to tasks.o(.text) for vTaskDelayUntil
    led.o(.text) refers to stm32f10x_rcc.o(.text) for RCC_APB2PeriphClockCmd
    led.o(.text) refers to stm32f10x_gpio.o(.text) for GPIO_Init
    led.o(.text) refers to tasks.o(.text) for vTaskDelay
    led.o(.text) refers to led.o(.data) for .data
    oled.o(.text) refers to stm32f10x_rcc.o(.text) for RCC_APB2PeriphClockCmd
    oled.o(.text) refers to stm32f10x_gpio.o(.text) for GPIO_Init
    oled.o(.text) refers to stm32f10x_pwr.o(.text) for PWR_BackupAccessCmd
    oled.o(.text) refers to stm32f10x_bkp.o(.text) for BKP_TamperPinCmd
    oled.o(.text) refers to delay.o(.text) for delay_ms
    oled.o(.text) refers to oled.o(.bss) for .bss
    oled.o(.text) refers to oled.o(.constdata) for .constdata
    buzzer.o(.text) refers to stm32f10x_rcc.o(.text) for RCC_APB2PeriphClockCmd
    buzzer.o(.text) refers to stm32f10x_gpio.o(.text) for GPIO_Init
    buzzer.o(.text) refers to tasks.o(.text) for vTaskDelay
    buzzer.o(.text) refers to buzzer.o(.data) for .data
    event_groups.o(.text) refers to heap_4.o(.text) for pvPortMalloc
    event_groups.o(.text) refers to list.o(.text) for vListInitialise
    event_groups.o(.text) refers to tasks.o(.text) for vTaskSuspendAll
    event_groups.o(.text) refers to port.o(.text) for vPortEnterCritical
    event_groups.o(.text) refers to timers.o(.text) for xTimerPendFunctionCallFromISR
    queue.o(.text) refers to port.o(.text) for vPortEnterCritical
    queue.o(.text) refers to list.o(.text) for vListInitialise
    queue.o(.text) refers to tasks.o(.text) for xTaskRemoveFromEventList
    queue.o(.text) refers to heap_4.o(.text) for pvPortMalloc
[...]
    defsig_fpe_inner.o(.text) refers to defsig_general.o(.text) for __default_signal_display
    defsig_rtred_inner.o(.text) refers to defsig_general.o(.text) for __default_signal_display
    defsig_stak_inner.o(.text) refers to defsig_general.o(.text) for __default_signal_display
    defsig_pvfn_inner.o(.text) refers to defsig_general.o(.text) for __default_signal_display
    defsig_cppl_inner.o(.text) refers to defsig_general.o(.text) for __default_signal_display
    defsig_segv_inner.o(.text) refers to defsig_general.o(.text) for __default_signal_display
    defsig_other.o(.text) refers to defsig_general.o(.text) for __default_signal_display


==============================================================================

Removing Unused input sections from the image.

    Removing core_cm3.o(.emb_text), (32 bytes).
    Removing stm32f10x_adc.o(.text), (816 bytes).
    Removing stm32f10x_can.o(.text), (1800 bytes).
    Removing stm32f10x_cec.o(.text), (248 bytes).
    Removing stm32f10x_crc.o(.text), (64 bytes).
    Removing stm32f10x_dac.o(.text), (252 bytes).
    Removing stm32f10x_dbgmcu.o(.text), (40 bytes).
    Removing stm32f10x_dma.o(.text), (456 bytes).
    Removing stm32f10x_exti.o(.text), (232 bytes).
    Removing stm32f10x_flash.o(.text), (1152 bytes).
    Removing stm32f10x_fsmc.o(.text), (1148 bytes).
    Removing stm32f10x_i2c.o(.text), (808 bytes).
    Removing stm32f10x_iwdg.o(.text), (60 bytes).
    Removing stm32f10x_rtc.o(.text), (272 bytes).
    Removing stm32f10x_sdio.o(.text), (428 bytes).
    Removing stm32f10x_spi.o(.text), (628 bytes).
    Removing stm32f10x_tim.o(.text), (2800 bytes).
    Removing stm32f10x_usart.o(.text), (808 bytes).
    Removing stm32f10x_wwdg.o(.text), (124 bytes).
    Removing sys.o(.emb_text), (6 bytes).
    Removing system.o(.data), (1 bytes).
    Removing system.o(.data), (1 bytes).
    Removing show.o(.text), (172 bytes).
    Removing buzzer.o(.text), (92 bytes).
    Removing buzzer.o(.data), (4 bytes).
    Removing event_groups.o(.text), (608 bytes).

26 unused section(s) (total 13052 bytes) removed from the image.

==============================================================================

Image Symbol Table

    Local Symbols

    Symbol Name                              Value     Ov Type        Size  Object(Section)

    ../clib/angel/boardlib.s                 0x00000000   Number         0  boardshut.o ABSOLUTE
    ../clib/angel/boardlib.s                 0x00000000   Number         0  boardinit1.o ABSOLUTE
    ../clib/angel/boardlib.s                 0x00000000   Number         0  boardinit3.o ABSOLUTE
    ../clib/angel/boardlib.s                 0x00000000   Number         0  boardinit2.o ABSOLUTE
    ../clib/angel/handlers.s                 0x00000000   Number         0  __scatter_copy.o ABSOLUTE
    ../clib/angel/handlers.s                 0x00000000   Number         0  __scatter_zi.o ABSOLUTE
    ../clib/angel/kernel.s                   0x00000000   Number         0  rtexit.o ABSOLUTE
    ../clib/angel/kernel.s                   0x00000000   Number         0  rtexit2.o ABSOLUTE
    ../clib/angel/kernel.s                   0x00000000   Number         0  __rtentry.o ABSOLUTE
    ../clib/angel/kernel.s                   0x00000000   Number         0  __rtentry2.o ABSOLUTE
    ../clib/angel/kernel.s                   0x00000000   Number         0  __rtentry4.o ABSOLUTE
    ../clib/angel/rt.s                       0x00000000   Number         0  rt_raise.o ABSOLUTE
    ../clib/angel/scatter.s                  0x00000000   Number         0  __scatter.o ABSOLUTE
    ../clib/angel/startup.s                  0x00000000   Number         0  __main.o ABSOLUTE
    ../clib/angel/sys.s                      0x00000000   Number         0  indicate_semi.o ABSOLUTE
    ../clib/angel/sys.s                      0x00000000   Number         0  sys_stackheap_outer.o ABSOLUTE
    ../clib/angel/sys.s                      0x00000000   Number         0  libspace.o ABSOLUTE
    ../clib/angel/sys.s                      0x00000000   Number         0  use_no_semi.o ABSOLUTE
    ../clib/angel/sysapp.c                   0x00000000   Number         0  sys_command.o ABSOLUTE
    ../clib/angel/sysapp.c                   0x00000000   Number         0  sys_wrch.o ABSOLUTE
    ../clib/angel/sysapp.c                   0x00000000   Number         0  sys_exit.o ABSOLUTE
    ../clib/armsys.c                         0x00000000   Number         0  _get_argv_nomalloc.o ABSOLUTE
    ../clib/armsys.c                         0x00000000   Number         0  argv_veneer.o ABSOLUTE
    ../clib/armsys.c                         0x00000000   Number         0  argv_veneer.o ABSOLUTE
    ../clib/armsys.c                         0x00000000   Number         0  no_argv.o ABSOLUTE
    ../clib/heapalloc.c                      0x00000000   Number         0  hrguard.o ABSOLUTE
    ../clib/heapaux.c                        0x00000000   Number         0  heapauxi.o ABSOLUTE
    ../clib/libinit.s                        0x00000000   Number         0  libinit.o ABSOLUTE
    ../clib/libinit.s                        0x00000000   Number         0  libshutdown.o ABSOLUTE
    ../clib/libinit.s                        0x00000000   Number         0  libinit2.o ABSOLUTE
    ../clib/libinit.s                        0x00000000   Number         0  libshutdown2.o ABSOLUTE
    ../clib/memcpset.s                       0x00000000   Number         0  rt_memclr_w.o ABSOLUTE
    ../clib/memcpset.s                       0x00000000   Number         0  rt_memclr.o ABSOLUTE
    ../clib/memcpset.s                       0x00000000   Number         0  rt_memcpy_w.o ABSOLUTE
    ../clib/memcpset.s                       0x00000000   Number         0  aeabi_memset.o ABSOLUTE
    ../clib/memcpset.s                       0x00000000   Number         0  rt_memcpy_v6.o ABSOLUTE
    ../clib/printf.c                         0x00000000   Number         0  __printf_flags_ss_wp.o ABSOLUTE
    ../clib/printf.c                         0x00000000   Number         0  _printf_intcommon.o ABSOLUTE
    ../clib/printf.c                         0x00000000   Number         0  __printf_nopercent.o ABSOLUTE
    ../clib/printf.c                         0x00000000   Number         0  _printf_char_common.o ABSOLUTE
    ../clib/printf.c                         0x00000000   Number         0  _sputc.o ABSOLUTE
    ../clib/printf.c                         0x00000000   Number         0  _printf_char.o ABSOLUTE
    ../clib/printf.c                         0x00000000   Number         0  _printf_dec.o ABSOLUTE
    ../clib/printf.c                         0x00000000   Number         0  __2sprintf.o ABSOLUTE
    ../clib/printf.c                         0x00000000   Number         0  noretval__2sprintf.o ABSOLUTE
    ../clib/printf.c                         0x00000000   Number         0  __printf.o ABSOLUTE
    ../clib/printf.c                         0x00000000   Number         0  _printf_str.o ABSOLUTE
    ../clib/printf.c                         0x00000000   Number         0  __printf_flags.o ABSOLUTE
    ../clib/printf.c                         0x00000000   Number         0  __printf_ss.o ABSOLUTE
    ../clib/printf.c                         0x00000000   Number         0  __printf_flags_ss.o ABSOLUTE
    ../clib/printf.c                         0x00000000   Number         0  __printf_wp.o ABSOLUTE
    ../clib/printf.c                         0x00000000   Number         0  __printf_flags_wp.o ABSOLUTE
    ../clib/printf.c                         0x00000000   Number         0  __printf_ss_wp.o ABSOLUTE
    ../clib/printf_percent.s                 0x00000000   Number         0  _printf_c.o ABSOLUTE
    ../clib/printf_percent.s                 0x00000000   Number         0  _printf_u.o ABSOLUTE
    ../clib/printf_percent.s                 0x00000000   Number         0  _printf_percent.o ABSOLUTE
    ../clib/printf_percent.s                 0x00000000   Number         0  _printf_percent_end.o ABSOLUTE
    ../clib/signal.c                         0x00000000   Number         0  defsig_other.o ABSOLUTE
    ../clib/signal.c                         0x00000000   Number         0  defsig_exit.o ABSOLUTE
    ../clib/signal.c                         0x00000000   Number         0  defsig_rtmem_inner.o ABSOLUTE
    ../clib/signal.c                         0x00000000   Number         0  defsig_general.o ABSOLUTE
    ../clib/signal.c                         0x00000000   Number         0  defsig_abrt_inner.o ABSOLUTE
    ../clib/signal.c                         0x00000000   Number         0  defsig_fpe_inner.o ABSOLUTE
    ../clib/signal.c                         0x00000000   Number         0  defsig_rtred_inner.o ABSOLUTE
    ../clib/signal.c                         0x00000000   Number         0  defsig_segv_inner.o ABSOLUTE
    ../clib/signal.c                         0x00000000   Number         0  defsig_stak_inner.o ABSOLUTE
    ../clib/signal.c                         0x00000000   Number         0  __raise.o ABSOLUTE
    ../clib/signal.c                         0x00000000   Number         0  defsig_rtmem_outer.o ABSOLUTE
    ../clib/signal.c                         0x00000000   Number         0  defsig_rtmem_formal.o ABSOLUTE
    ../clib/signal.c                         0x00000000   Number         0  defsig_pvfn_inner.o ABSOLUTE
    ../clib/signal.c                         0x00000000   Number         0  defsig_cppl_inner.o ABSOLUTE
    ../clib/signal.s                         0x00000000   Number         0  defsig.o ABSOLUTE
    ../clib/stdlib.c                         0x00000000   Number         0  exit.o ABSOLUTE
    ../clib/string.c                         0x00000000   Number         0  strcpy.o ABSOLUTE
    ../clib/string.c                         0x00000000   Number         0  strlen.o ABSOLUTE
    ../fplib/fpinit.s                        0x00000000   Number         0  fpinit.o ABSOLUTE
    CORE\\core_cm3.c                         0x00000000   Number         0  core_cm3.o ABSOLUTE
    CORE\core_cm3.c                          0x00000000   Number         0  core_cm3.o ABSOLUTE
    CORE\stm32f10x_it.c                      0x00000000   Number         0  stm32f10x_it.o ABSOLUTE
    CORE\system_stm32f10x.c                  0x00000000   Number         0  system_stm32f10x.o ABSOLUTE
    FreeRTOS\\portable\\RVDS\\ARM_CM3\\port.c 0x00000000   Number         0  port.o ABSOLUTE
    FreeRTOS\croutine.c                      0x00000000   Number         0  croutine.o ABSOLUTE
    FreeRTOS\event_groups.c                  0x00000000   Number         0  event_groups.o ABSOLUTE
    FreeRTOS\list.c                          0x00000000   Number         0  list.o ABSOLUTE
    FreeRTOS\portable\MemMang\heap_4.c       0x00000000   Number         0  heap_4.o ABSOLUTE
    FreeRTOS\portable\RVDS\ARM_CM3\port.c    0x00000000   Number         0  port.o ABSOLUTE
    FreeRTOS\queue.c                         0x00000000   Number         0  queue.o ABSOLUTE
    FreeRTOS\tasks.c                         0x00000000   Number         0  tasks.o ABSOLUTE
    FreeRTOS\timers.c                        0x00000000   Number         0  timers.o ABSOLUTE
    HARDWARE\Buzzer\BUZZER.C                 0x00000000   Number         0  buzzer.o ABSOLUTE
    HARDWARE\LED\LED.C                       0x00000000   Number         0  led.o ABSOLUTE
    HARDWARE\OLED\oled.c                     0x00000000   Number         0  oled.o ABSOLUTE
    STM32F1xx_Driver\src\misc.c              0x00000000   Number         0  misc.o ABSOLUTE
    STM32F1xx_Driver\src\stm32f10x_adc.c     0x00000000   Number         0  stm32f10x_adc.o ABSOLUTE
    STM32F1xx_Driver\src\stm32f10x_bkp.c     0x00000000   Number         0  stm32f10x_bkp.o ABSOLUTE
    STM32F1xx_Driver\src\stm32f10x_can.c     0x00000000   Number         0  stm32f10x_can.o ABSOLUTE
    STM32F1xx_Driver\src\stm32f10x_cec.c     0x00000000   Number         0  stm32f10x_cec.o ABSOLUTE
    STM32F1xx_Driver\src\stm32f10x_crc.c     0x00000000   Number         0  stm32f10x_crc.o ABSOLUTE
    STM32F1xx_Driver\src\stm32f10x_dac.c     0x00000000   Number         0  stm32f10x_dac.o ABSOLUTE
    STM32F1xx_Driver\src\stm32f10x_dbgmcu.c  0x00000000   Number         0  stm32f10x_dbgmcu.o ABSOLUTE
    STM32F1xx_Driver\src\stm32f10x_dma.c     0x00000000   Number         0  stm32f10x_dma.o ABSOLUTE
    STM32F1xx_Driver\src\stm32f10x_exti.c    0x00000000   Number         0  stm32f10x_exti.o ABSOLUTE
    STM32F1xx_Driver\src\stm32f10x_flash.c   0x00000000   Number         0  stm32f10x_flash.o ABSOLUTE
    STM32F1xx_Driver\src\stm32f10x_fsmc.c    0x00000000   Number         0  stm32f10x_fsmc.o ABSOLUTE
    STM32F1xx_Driver\src\stm32f10x_gpio.c    0x00000000   Number         0  stm32f10x_gpio.o ABSOLUTE
    STM32F1xx_Driver\src\stm32f10x_i2c.c     0x00000000   Number         0  stm32f10x_i2c.o ABSOLUTE
    STM32F1xx_Driver\src\stm32f10x_iwdg.c    0x00000000   Number         0  stm32f10x_iwdg.o ABSOLUTE
    STM32F1xx_Driver\src\stm32f10x_pwr.c     0x00000000   Number         0  stm32f10x_pwr.o ABSOLUTE
    STM32F1xx_Driver\src\stm32f10x_rcc.c     0x00000000   Number         0  stm32f10x_rcc.o ABSOLUTE
    STM32F1xx_Driver\src\stm32f10x_rtc.c     0x00000000   Number         0  stm32f10x_rtc.o ABSOLUTE
    STM32F1xx_Driver\src\stm32f10x_sdio.c    0x00000000   Number         0  stm32f10x_sdio.o ABSOLUTE
    STM32F1xx_Driver\src\stm32f10x_spi.c     0x00000000   Number         0  stm32f10x_spi.o ABSOLUTE
    STM32F1xx_Driver\src\stm32f10x_tim.c     0x00000000   Number         0  stm32f10x_tim.o ABSOLUTE
    STM32F1xx_Driver\src\stm32f10x_usart.c   0x00000000   Number         0  stm32f10x_usart.o ABSOLUTE
    STM32F1xx_Driver\src\stm32f10x_wwdg.c    0x00000000   Number         0  stm32f10x_wwdg.o ABSOLUTE
    SYSTEM\SYSTEM\system.c                   0x00000000   Number         0  system.o ABSOLUTE
    SYSTEM\\sys\\sys.c                       0x00000000   Number         0  sys.o ABSOLUTE
    SYSTEM\delay\delay.c                     0x00000000   Number         0  delay.o ABSOLUTE
    SYSTEM\show\show.c                       0x00000000   Number         0  show.o ABSOLUTE
    SYSTEM\sys\sys.c                         0x00000000   Number         0  sys.o ABSOLUTE
    dc.s                                     0x00000000   Number         0  dc.o ABSOLUTE
    main.c                                   0x00000000   Number         0  main.o ABSOLUTE
    startup_stm32f10x_hd.s                   0x00000000   Number         0  startup_stm32f10x_hd.o ABSOLUTE
    RESET                                    0x08000000   Section      304  startup_stm32f10x_hd.o(RESET)
    !!!main                                  0x08000130   Section        8  __main.o(!!!main)
    !!!scatter                               0x08000138   Section       52  __scatter.o(!!!scatter)
    !!handler_copy                           0x0800016c   Section       26  __scatter_copy.o(!!handler_copy)
    !!handler_zi                             0x08000188   Section       28  __scatter_zi.o(!!handler_zi)
    .ARM.Collect$$_printf_percent$$00000000  0x080001a4   Section        0  _printf_percent.o(.ARM.Collect$$_printf_percent$$00000000)
    .ARM.Collect$$_printf_percent$$0000000A  0x080001a4   Section        6  _printf_u.o(.ARM.Collect$$_printf_percent$$0000000A)
    .ARM.Collect$$_printf_percent$$00000013  0x080001aa   Section        6  _printf_c.o(.ARM.Collect$$_printf_percent$$00000013)
    .ARM.Collect$$_printf_percent$$00000017  0x080001b0   Section        4  _printf_percent_end.o(.ARM.Collect$$_printf_percent$$00000017)
    .ARM.Collect$$libinit$$00000000          0x080001b4   Section        2  libinit.o(.ARM.Collect$$libinit$$00000000)
    .ARM.Collect$$libinit$$00000002          0x080001b6   Section        0  libinit2.o(.ARM.Collect$$libinit$$00000002)
    .ARM.Collect$$libinit$$00000004          0x080001b6   Section        0  libinit2.o(.ARM.Collect$$libinit$$00000004)
    .ARM.Collect$$libinit$$0000000A          0x080001b6   Section        0  libinit2.o(.ARM.Collect$$libinit$$0000000A)
    .ARM.Collect$$libinit$$0000000C          0x080001b6   Section        0  libinit2.o(.ARM.Collect$$libinit$$0000000C)
    .ARM.Collect$$libinit$$0000000E          0x080001b6   Section        0  libinit2.o(.ARM.Collect$$libinit$$0000000E)
    .ARM.Collect$$libinit$$00000011          0x080001b6   Section        0  libinit2.o(.ARM.Collect$$libinit$$00000011)
    .ARM.Collect$$libinit$$00000013          0x080001b6   Section        0  libinit2.o(.ARM.Collect$$libinit$$00000013)
    .ARM.Collect$$libinit$$00000015          0x080001b6   Section        0  libinit2.o(.ARM.Collect$$libinit$$00000015)
    .ARM.Collect$$libinit$$00000017          0x080001b6   Section        0  libinit2.o(.ARM.Collect$$libinit$$00000017)
    .ARM.Collect$$libinit$$00000019          0x080001b6   Section        0  libinit2.o(.ARM.Collect$$libinit$$00000019)
    .ARM.Collect$$libinit$$0000001B          0x080001b6   Section        0  libinit2.o(.ARM.Collect$$libinit$$0000001B)
    .ARM.Collect$$libinit$$0000001D          0x080001b6   Section        0  libinit2.o(.ARM.Collect$$libinit$$0000001D)
    .ARM.Collect$$libinit$$0000001F          0x080001b6   Section        0  libinit2.o(.ARM.Collect$$libinit$$0000001F)
    .ARM.Collect$$libinit$$00000021          0x080001b6   Section        0  libinit2.o(.ARM.Collect$$libinit$$00000021)
    .ARM.Collect$$libinit$$00000023          0x080001b6   Section        0  libinit2.o(.ARM.Collect$$libinit$$00000023)
    .ARM.Collect$$libinit$$00000025          0x080001b6   Section        0  libinit2.o(.ARM.Collect$$libinit$$00000025)
    .ARM.Collect$$libinit$$0000002C          0x080001b6   Section        0  libinit2.o(.ARM.Collect$$libinit$$0000002C)
    .ARM.Collect$$libinit$$0000002E          0x080001b6   Section        0  libinit2.o(.ARM.Collect$$libinit$$0000002E)
    .ARM.Collect$$libinit$$00000030          0x080001b6   Section        0  libinit2.o(.ARM.Collect$$libinit$$00000030)
    .ARM.Collect$$libinit$$00000032          0x080001b6   Section        0  libinit2.o(.ARM.Collect$$libinit$$00000032)
    .ARM.Collect$$libinit$$00000033          0x080001b6   Section        2  libinit2.o(.ARM.Collect$$libinit$$00000033)
    .ARM.Collect$$libshutdown$$00000000      0x080001b8   Section        2  libshutdown.o(.ARM.Collect$$libshutdown$$00000000)
    .ARM.Collect$$libshutdown$$00000002      0x080001ba   Section        0  libshutdown2.o(.ARM.Collect$$libshutdown$$00000002)
    .ARM.Collect$$libshutdown$$00000004      0x080001ba   Section        0  libshutdown2.o(.ARM.Collect$$libshutdown$$00000004)
    .ARM.Collect$$libshutdown$$00000007      0x080001ba   Section        0  libshutdown2.o(.ARM.Collect$$libshutdown$$00000007)
    .ARM.Collect$$libshutdown$$0000000A      0x080001ba   Section        0  libshutdown2.o(.ARM.Collect$$libshutdown$$0000000A)
    .ARM.Collect$$libshutdown$$0000000C      0x080001ba   Section        0  libshutdown2.o(.ARM.Collect$$libshutdown$$0000000C)
    .ARM.Collect$$libshutdown$$0000000F      0x080001ba   Section        0  libshutdown2.o(.ARM.Collect$$libshutdown$$0000000F)
    .ARM.Collect$$libshutdown$$00000010      0x080001ba   Section        2  libshutdown2.o(.ARM.Collect$$libshutdown$$00000010)
    .ARM.Collect$$rtentry$$00000000          0x080001bc   Section        0  __rtentry.o(.ARM.Collect$$rtentry$$00000000)
    .ARM.Collect$$rtentry$$00000002          0x080001bc   Section        0  __rtentry2.o(.ARM.Collect$$rtentry$$00000002)
    .ARM.Collect$$rtentry$$00000004          0x080001bc   Section        6  __rtentry4.o(.ARM.Collect$$rtentry$$00000004)
    .ARM.Collect$$rtentry$$00000009          0x080001c2   Section        0  __rtentry2.o(.ARM.Collect$$rtentry$$00000009)
    .ARM.Collect$$rtentry$$0000000A          0x080001c2   Section        4  __rtentry2.o(.ARM.Collect$$rtentry$$0000000A)
    .ARM.Collect$$rtentry$$0000000C          0x080001c6   Section        0  __rtentry2.o(.ARM.Collect$$rtentry$$0000000C)
    .ARM.Collect$$rtentry$$0000000D          0x080001c6   Section        8  __rtentry2.o(.ARM.Collect$$rtentry$$0000000D)
    .ARM.Collect$$rtexit$$00000000           0x080001ce   Section        2  rtexit.o(.ARM.Collect$$rtexit$$00000000)
    .ARM.Collect$$rtexit$$00000002           0x080001d0   Section        0  rtexit2.o(.ARM.Collect$$rtexit$$00000002)
    .ARM.Collect$$rtexit$$00000003           0x080001d0   Section        4  rtexit2.o(.ARM.Collect$$rtexit$$00000003)
    .ARM.Collect$$rtexit$$00000004           0x080001d4   Section        6  rtexit2.o(.ARM.Collect$$rtexit$$00000004)
    .emb_text                                0x080001dc   Section      150  port.o(.emb_text)
    .text                                    0x08000272   Section        0  stm32f10x_it.o(.text)
    .text                                    0x08000280   Section        0  system_stm32f10x.o(.text)
    SetSysClockTo72                          0x08000281   Thumb Code   160  system_stm32f10x.o(.text)
    .text                                    0x080003d8   Section       64  startup_stm32f10x_hd.o(.text)
    .text                                    0x08000418   Section        0  misc.o(.text)
    .text                                    0x080004c8   Section        0  stm32f10x_bkp.o(.text)
    .text                                    0x08000560   Section        0  stm32f10x_gpio.o(.text)
    .text                                    0x080007c4   Section        0  stm32f10x_pwr.o(.text)
    .text                                    0x08000870   Section        0  stm32f10x_rcc.o(.text)
    .text                                    0x08000b28   Section        0  sys.o(.text)
    .text                                    0x08000b5c   Section        0  system.o(.text)
    .text                                    0x08000b84   Section        0  delay.o(.text)
    .text                                    0x08000c80   Section        0  led.o(.text)
    .text                                    0x08000cdc   Section        0  oled.o(.text)
    .text                                    0x0800106c   Section        0  list.o(.text)
    .text                                    0x080010f4   Section        0  queue.o(.text)
    prvCopyDataToQueue                       0x080011a9   Thumb Code   106  queue.o(.text)
    prvNotifyQueueSetContainer               0x08001213   Thumb Code    70  queue.o(.text)
    prvUnlockQueue                           0x08001259   Thumb Code   120  queue.o(.text)
    prvCopyDataFromQueue                     0x0800142b   Thumb Code    38  queue.o(.text)
    prvIsQueueEmpty                          0x080018c9   Thumb Code    26  queue.o(.text)
    .text                                    0x080018e8   Section        0  tasks.o(.text)
    prvAddNewTaskToReadyList                 0x080018e9   Thumb Code   192  tasks.o(.text)
    prvAddCurrentTaskToDelayedList           0x08001bdd   Thumb Code   102  tasks.o(.text)
    prvIdleTask                              0x08001fa3   Thumb Code    30  tasks.o(.text)
    prvListTasksWithinSingleList             0x080020e1   Thumb Code    84  tasks.o(.text)
    prvInitialiseNewTask                     0x08002821   Thumb Code   136  tasks.o(.text)
    prvResetNextTaskUnblockTime              0x080028a9   Thumb Code    26  tasks.o(.text)
    prvDeleteTCB                             0x080028c3   Thumb Code    20  tasks.o(.text)
    prvTaskIsTaskSuspended                   0x080028d7   Thumb Code    28  tasks.o(.text)
    prvCheckTasksWaitingTermination          0x080028f3   Thumb Code    76  tasks.o(.text)
    .text                                    0x08002950   Section        0  timers.o(.text)
    prvInsertTimerInActiveList               0x08002951   Thumb Code    52  timers.o(.text)
    prvProcessReceivedCommands               0x080029cf   Thumb Code   160  timers.o(.text)
    prvTimerTask                             0x08002a6f   Thumb Code    34  timers.o(.text)
    prvCheckForValidListAndQueue             0x08002a91   Thumb Code    62  timers.o(.text)
    prvSampleTimeNow                         0x08002bc7   Thumb Code    36  timers.o(.text)
    prvProcessTimerOrBlockTask               0x08002beb   Thumb Code   154  timers.o(.text)
    prvSwitchTimerLists                      0x08002c85   Thumb Code    84  timers.o(.text)
    .text                                    0x08002cf8   Section        0  heap_4.o(.text)
    prvInsertBlockIntoFreeList               0x08002cf9   Thumb Code    72  heap_4.o(.text)
    prvHeapInit                              0x08002e23   Thumb Code    66  heap_4.o(.text)
    .text                                    0x08002e6c   Section        0  port.o(.text)
    prvTaskExitError                         0x08002e6d   Thumb Code    16  port.o(.text)
    .text                                    0x08002fac   Section        0  main.o(.text)
    .text                                    0x08002ff8   Section        0  noretval__2sprintf.o(.text)
    .text                                    0x08003020   Section        0  __printf.o(.text)
    .text                                    0x08003088   Section        0  _printf_str.o(.text)
    .text                                    0x080030dc   Section        0  _printf_dec.o(.text)
    .text                                    0x08003154   Section        0  strcpy.o(.text)
    .text                                    0x0800319c   Section        0  strlen.o(.text)
    .text                                    0x080031da   Section      138  rt_memcpy_v6.o(.text)
    .text                                    0x08003264   Section       16  aeabi_memset.o(.text)
    .text                                    0x08003274   Section        0  heapauxi.o(.text)
    .text                                    0x0800327a   Section        0  _printf_intcommon.o(.text)
    .text                                    0x0800332c   Section        0  _printf_char_common.o(.text)
    _printf_input_char                       0x0800332d   Thumb Code    10  _printf_char_common.o(.text)
    .text                                    0x0800335c   Section        0  _sputc.o(.text)
    .text                                    0x08003366   Section        0  _printf_char.o(.text)
    .text                                    0x08003392   Section      100  rt_memcpy_w.o(.text)
    .text                                    0x080033f6   Section       68  rt_memclr.o(.text)
    .text                                    0x0800343a   Section       78  rt_memclr_w.o(.text)
    .text                                    0x08003488   Section       74  sys_stackheap_outer.o(.text)
    .text                                    0x080034d2   Section        0  exit.o(.text)
    .text                                    0x080034e4   Section        8  libspace.o(.text)
    .text                                    0x080034ec   Section        0  sys_exit.o(.text)
    .text                                    0x080034f8   Section        2  use_no_semi.o(.text)
    .constdata                               0x080034fa   Section     2660  oled.o(.constdata)
    .text                                    0x080034fa   Section        0  indicate_semi.o(.text)
    .data                                    0x20000000   Section       20  system_stm32f10x.o(.data)
    .data                                    0x20000014   Section       20  stm32f10x_rcc.o(.data)
    ADCPrescTable                            0x20000014   Data           4  stm32f10x_rcc.o(.data)
    APBAHBPrescTable                         0x20000018   Data          16  stm32f10x_rcc.o(.data)
    .data                                    0x20000028   Section        8  delay.o(.data)
    fac_us                                   0x20000028   Data           1  delay.o(.data)
    fac_ms                                   0x2000002a   Data           2  delay.o(.data)
    sysTickCnt                               0x2000002c   Data           4  delay.o(.data)
    .data                                    0x20000030   Section        4  led.o(.data)
    .data                                    0x20000034   Section       60  tasks.o(.data)
    uxDeletedTasksWaitingCleanUp             0x20000038   Data           4  tasks.o(.data)
    uxCurrentNumberOfTasks                   0x2000003c   Data           4  tasks.o(.data)
    xTickCount                               0x20000040   Data           4  tasks.o(.data)
    uxTopReadyPriority                       0x20000044   Data           4  tasks.o(.data)
    xSchedulerRunning                        0x20000048   Data           4  tasks.o(.data)
    uxPendedTicks                            0x2000004c   Data           4  tasks.o(.data)
    xYieldPending                            0x20000050   Data           4  tasks.o(.data)
    xNumOfOverflows                          0x20000054   Data           4  tasks.o(.data)
    uxTaskNumber                             0x20000058   Data           4  tasks.o(.data)
    xNextTaskUnblockTime                     0x2000005c   Data           4  tasks.o(.data)
    xIdleTaskHandle                          0x20000060   Data           4  tasks.o(.data)
    uxSchedulerSuspended                     0x20000064   Data           4  tasks.o(.data)
    pxDelayedTaskList                        0x20000068   Data           4  tasks.o(.data)
    pxOverflowDelayedTaskList                0x2000006c   Data           4  tasks.o(.data)
    .data                                    0x20000070   Section       20  timers.o(.data)
    xTimerQueue                              0x20000070   Data           4  timers.o(.data)
    xTimerTaskHandle                         0x20000074   Data           4  timers.o(.data)
    xLastTime                                0x20000078   Data           4  timers.o(.data)
    pxCurrentTimerList                       0x2000007c   Data           4  timers.o(.data)
    pxOverflowTimerList                      0x20000080   Data           4  timers.o(.data)
    .data                                    0x20000084   Section       24  heap_4.o(.data)
    pxEnd                                    0x20000084   Data           4  heap_4.o(.data)
    xFreeBytesRemaining                      0x20000088   Data           4  heap_4.o(.data)
    xMinimumEverFreeBytesRemaining           0x2000008c   Data           4  heap_4.o(.data)
    xBlockAllocatedBit                       0x20000090   Data           4  heap_4.o(.data)
    xStart                                   0x20000094   Data           8  heap_4.o(.data)
    .data                                    0x2000009c   Section       12  port.o(.data)
    ucMaxSysCallPriority                     0x2000009c   Data           1  port.o(.data)
    uxCriticalNesting                        0x200000a0   Data           4  port.o(.data)
    ulMaxPRIGROUPValue                       0x200000a4   Data           4  port.o(.data)
    .data                                    0x200000a8   Section        4  main.o(.data)
    .bss                                     0x200000ac   Section     1024  oled.o(.bss)
    .bss                                     0x200004ac   Section       64  queue.o(.bss)
    .bss                                     0x200004ec   Section      740  tasks.o(.bss)
    pxReadyTasksLists                        0x200004ec   Data         640  tasks.o(.bss)
    xDelayedTaskList1                        0x2000076c   Data          20  tasks.o(.bss)
    xDelayedTaskList2                        0x20000780   Data          20  tasks.o(.bss)
    xPendingReadyList                        0x20000794   Data          20  tasks.o(.bss)
    xTasksWaitingTermination                 0x200007a8   Data          20  tasks.o(.bss)
    xSuspendedTaskList                       0x200007bc   Data          20  tasks.o(.bss)
    .bss                                     0x200007d0   Section       40  timers.o(.bss)
    xActiveTimerList1                        0x200007d0   Data          20  timers.o(.bss)
    xActiveTimerList2                        0x200007e4   Data          20  timers.o(.bss)
    .bss                                     0x200007f8   Section    20480  heap_4.o(.bss)
    ucHeap                                   0x200007f8   Data       20480  heap_4.o(.bss)
    .bss                                     0x200057f8   Section       96  libspace.o(.bss)
    HEAP                                     0x20005858   Section      512  startup_stm32f10x_hd.o(HEAP)
    Heap_Mem                                 0x20005858   Data         512  startup_stm32f10x_hd.o(HEAP)
    STACK                                    0x20005a58   Section     1024  startup_stm32f10x_hd.o(STACK)
    Stack_Mem                                0x20005a58   Data        1024  startup_stm32f10x_hd.o(STACK)
    __initial_sp                             0x20005e58   Data           0  startup_stm32f10x_hd.o(STACK)

    Global Symbols

    Symbol Name                              Value     Ov Type        Size  Object(Section)

    BuildAttributes$$THM_ISAv4$P$D$K$B$S$PE$A:L22UL41UL21$X:L11$S22US41US21$IEEE1$IW$USESV6$~STKCKD$USESV7$~SHL$OSPACE$ROPI$EBA8$UX$STANDARDLIB$REQ8$PRES8$EABIv2 0x00000000   Number         0  anon$$obj.o ABSOLUTE
    __ARM_use_no_argv                        0x00000000   Number         0  main.o ABSOLUTE
    __ARM_exceptions_init                     - Undefined Weak Reference
    __alloca_initialize                       - Undefined Weak Reference
    __arm_preinit_                            - Undefined Weak Reference
    __cpp_initialize__aeabi_                  - Undefined Weak Reference
    __cxa_finalize                            - Undefined Weak Reference
    __rt_locale                               - Undefined Weak Reference
    __sigvec_lookup                           - Undefined Weak Reference
    _atexit_init                              - Undefined Weak Reference
    _call_atexit_fns                          - Undefined Weak Reference
    _clock_init                               - Undefined Weak Reference
    _fp_trap_init                             - Undefined Weak Reference
    _fp_trap_shutdown                         - Undefined Weak Reference
    _get_lc_collate                           - Undefined Weak Reference
    _get_lc_ctype                             - Undefined Weak Reference
    _get_lc_monetary                          - Undefined Weak Reference
    _get_lc_numeric                           - Undefined Weak Reference
    _get_lc_time                              - Undefined Weak Reference
    _getenv_init                              - Undefined Weak Reference
    _handle_redirection                       - Undefined Weak Reference
    _init_alloc                               - Undefined Weak Reference
    _init_user_alloc                          - Undefined Weak Reference
    _initio                                   - Undefined Weak Reference
    _printf_mbtowc                            - Undefined Weak Reference
    _printf_post_padding                      - Undefined Weak Reference
    _printf_pre_padding                       - Undefined Weak Reference
    _printf_truncate_signed                   - Undefined Weak Reference
    _printf_truncate_unsigned                 - Undefined Weak Reference
    _rand_init                                - Undefined Weak Reference
    _signal_finish                            - Undefined Weak Reference
    _signal_init                              - Undefined Weak Reference
    _terminate_alloc                          - Undefined Weak Reference
    _terminate_user_alloc                     - Undefined Weak Reference
    _terminateio                              - Undefined Weak Reference
    __Vectors_Size                           0x00000130   Number         0  startup_stm32f10x_hd.o ABSOLUTE
    __Vectors                                0x08000000   Data           4  startup_stm32f10x_hd.o(RESET)
    __Vectors_End                            0x08000130   Data           0  startup_stm32f10x_hd.o(RESET)
    __main                                   0x08000131   Thumb Code     8  __main.o(!!!main)
    __scatterload                            0x08000139   Thumb Code     0  __scatter.o(!!!scatter)
    __scatterload_rt2                        0x08000139   Thumb Code    44  __scatter.o(!!!scatter)
    __scatterload_rt2_thumb_only             0x08000139   Thumb Code     0  __scatter.o(!!!scatter)
    __scatterload_null                       0x08000147   Thumb Code     0  __scatter.o(!!!scatter)
    __scatterload_copy                       0x0800016d   Thumb Code    26  __scatter_copy.o(!!handler_copy)
    __scatterload_zeroinit                   0x08000189   Thumb Code    28  __scatter_zi.o(!!handler_zi)
    _printf_percent                          0x080001a5   Thumb Code     0  _printf_percent.o(.ARM.Collect$$_printf_percent$$00000000)
    _printf_u                                0x080001a5   Thumb Code     0  _printf_u.o(.ARM.Collect$$_printf_percent$$0000000A)
    _printf_c                                0x080001ab   Thumb Code     0  _printf_c.o(.ARM.Collect$$_printf_percent$$00000013)
    _printf_percent_end                      0x080001b1   Thumb Code     0  _printf_percent_end.o(.ARM.Collect$$_printf_percent$$00000017)
    __rt_lib_init                            0x080001b5   Thumb Code     0  libinit.o(.ARM.Collect$$libinit$$00000000)
    __rt_lib_init_alloca_1                   0x080001b7   Thumb Code     0  libinit2.o(.ARM.Collect$$libinit$$0000002E)
    __rt_lib_init_argv_1                     0x080001b7   Thumb Code     0  libinit2.o(.ARM.Collect$$libinit$$0000002C)
    __rt_lib_init_atexit_1                   0x080001b7   Thumb Code     0  libinit2.o(.ARM.Collect$$libinit$$0000001B)
    __rt_lib_init_clock_1                    0x080001b7   Thumb Code     0  libinit2.o(.ARM.Collect$$libinit$$00000021)
    __rt_lib_init_cpp_1                      0x080001b7   Thumb Code     0  libinit2.o(.ARM.Collect$$libinit$$00000032)
    __rt_lib_init_exceptions_1               0x080001b7   Thumb Code     0  libinit2.o(.ARM.Collect$$libinit$$00000030)
    __rt_lib_init_fp_1                       0x080001b7   Thumb Code     0  libinit2.o(.ARM.Collect$$libinit$$00000002)
    __rt_lib_init_fp_trap_1                  0x080001b7   Thumb Code     0  libinit2.o(.ARM.Collect$$libinit$$0000001F)
    __rt_lib_init_getenv_1                   0x080001b7   Thumb Code     0  libinit2.o(.ARM.Collect$$libinit$$00000023)
    __rt_lib_init_heap_1                     0x080001b7   Thumb Code     0  libinit2.o(.ARM.Collect$$libinit$$0000000A)
    __rt_lib_init_lc_collate_1               0x080001b7   Thumb Code     0  libinit2.o(.ARM.Collect$$libinit$$00000011)
    __rt_lib_init_lc_ctype_1                 0x080001b7   Thumb Code     0  libinit2.o(.ARM.Collect$$libinit$$00000013)
    __rt_lib_init_lc_monetary_1              0x080001b7   Thumb Code     0  libinit2.o(.ARM.Collect$$libinit$$00000015)
    __rt_lib_init_lc_numeric_1               0x080001b7   Thumb Code     0  libinit2.o(.ARM.Collect$$libinit$$00000017)
    __rt_lib_init_lc_time_1                  0x080001b7   Thumb Code     0  libinit2.o(.ARM.Collect$$libinit$$00000019)
    __rt_lib_init_preinit_1                  0x080001b7   Thumb Code     0  libinit2.o(.ARM.Collect$$libinit$$00000004)
    __rt_lib_init_rand_1                     0x080001b7   Thumb Code     0  libinit2.o(.ARM.Collect$$libinit$$0000000E)
    __rt_lib_init_return                     0x080001b7   Thumb Code     0  libinit2.o(.ARM.Collect$$libinit$$00000033)
    __rt_lib_init_signal_1                   0x080001b7   Thumb Code     0  libinit2.o(.ARM.Collect$$libinit$$0000001D)
    __rt_lib_init_stdio_1                    0x080001b7   Thumb Code     0  libinit2.o(.ARM.Collect$$libinit$$00000025)
    __rt_lib_init_user_alloc_1               0x080001b7   Thumb Code     0  libinit2.o(.ARM.Collect$$libinit$$0000000C)
    __rt_lib_shutdown                        0x080001b9   Thumb Code     0  libshutdown.o(.ARM.Collect$$libshutdown$$00000000)
    __rt_lib_shutdown_cpp_1                  0x080001bb   Thumb Code     0  libshutdown2.o(.ARM.Collect$$libshutdown$$00000002)
    __rt_lib_shutdown_fp_trap_1              0x080001bb   Thumb Code     0  libshutdown2.o(.ARM.Collect$$libshutdown$$00000007)
    __rt_lib_shutdown_heap_1                 0x080001bb   Thumb Code     0  libshutdown2.o(.ARM.Collect$$libshutdown$$0000000F)
    __rt_lib_shutdown_return                 0x080001bb   Thumb Code     0  libshutdown2.o(.ARM.Collect$$libshutdown$$00000010)
    __rt_lib_shutdown_signal_1               0x080001bb   Thumb Code     0  libshutdown2.o(.ARM.Collect$$libshutdown$$0000000A)
    __rt_lib_shutdown_stdio_1                0x080001bb   Thumb Code     0  libshutdown2.o(.ARM.Collect$$libshutdown$$00000004)
    __rt_lib_shutdown_user_alloc_1           0x080001bb   Thumb Code     0  libshutdown2.o(.ARM.Collect$$libshutdown$$0000000C)
    __rt_entry                               0x080001bd   Thumb Code     0  __rtentry.o(.ARM.Collect$$rtentry$$00000000)
    __rt_entry_presh_1                       0x080001bd   Thumb Code     0  __rtentry2.o(.ARM.Collect$$rtentry$$00000002)
    __rt_entry_sh                            0x080001bd   Thumb Code     0  __rtentry4.o(.ARM.Collect$$rtentry$$00000004)
    __rt_entry_li                            0x080001c3   Thumb Code     0  __rtentry2.o(.ARM.Collect$$rtentry$$0000000A)
    __rt_entry_postsh_1                      0x080001c3   Thumb Code     0  __rtentry2.o(.ARM.Collect$$rtentry$$00000009)
    __rt_entry_main                          0x080001c7   Thumb Code     0  __rtentry2.o(.ARM.Collect$$rtentry$$0000000D)
    __rt_entry_postli_1                      0x080001c7   Thumb Code     0  __rtentry2.o(.ARM.Collect$$rtentry$$0000000C)
    __rt_exit                                0x080001cf   Thumb Code     0  rtexit.o(.ARM.Collect$$rtexit$$00000000)
    __rt_exit_ls                             0x080001d1   Thumb Code     0  rtexit2.o(.ARM.Collect$$rtexit$$00000003)
    __rt_exit_prels_1                        0x080001d1   Thumb Code     0  rtexit2.o(.ARM.Collect$$rtexit$$00000002)
    __rt_exit_exit                           0x080001d5   Thumb Code     0  rtexit2.o(.ARM.Collect$$rtexit$$00000004)
    SVC_Handler                              0x080001dd   Thumb Code    32  port.o(.emb_text)
    __asm___6_port_c_39a90d8d__prvStartFirstTask 0x08000201   Thumb Code    28  port.o(.emb_text)
    PendSV_Handler                           0x08000221   Thumb Code    72  port.o(.emb_text)
    vPortGetIPSR                             0x0800026d   Thumb Code     6  port.o(.emb_text)
    NMI_Handler                              0x08000273   Thumb Code     2  stm32f10x_it.o(.text)
    HardFault_Handler                        0x08000275   Thumb Code     2  stm32f10x_it.o(.text)
    MemManage_Handler                        0x08000277   Thumb Code     2  stm32f10x_it.o(.text)
    BusFault_Handler                         0x08000279   Thumb Code     2  stm32f10x_it.o(.text)
    UsageFault_Handler                       0x0800027b   Thumb Code     2  stm32f10x_it.o(.text)
    DebugMon_Handler                         0x0800027d   Thumb Code     2  stm32f10x_it.o(.text)
    SystemInit                               0x08000321   Thumb Code    64  system_stm32f10x.o(.text)
    SystemCoreClockUpdate                    0x08000361   Thumb Code    86  system_stm32f10x.o(.text)
    Reset_Handler                            0x080003d9   Thumb Code     8  startup_stm32f10x_hd.o(.text)
    ADC1_2_IRQHandler                        0x080003f3   Thumb Code     0  startup_stm32f10x_hd.o(.text)
    ADC3_IRQHandler                          0x080003f3   Thumb Code     0  startup_stm32f10x_hd.o(.text)
    CAN1_RX1_IRQHandler                      0x080003f3   Thumb Code     0  startup_stm32f10x_hd.o(.text)
    CAN1_SCE_IRQHandler                      0x080003f3   Thumb Code     0  startup_stm32f10x_hd.o(.text)
    DMA1_Channel1_IRQHandler                 0x080003f3   Thumb Code     0  startup_stm32f10x_hd.o(.text)
    DMA1_Channel2_IRQHandler                 0x080003f3   Thumb Code     0  startup_stm32f10x_hd.o(.text)
    DMA1_Channel3_IRQHandler                 0x080003f3   Thumb Code     0  startup_stm32f10x_hd.o(.text)
    DMA1_Channel4_IRQHandler                 0x080003f3   Thumb Code     0  startup_stm32f10x_hd.o(.text)
    DMA1_Channel5_IRQHandler                 0x080003f3   Thumb Code     0  startup_stm32f10x_hd.o(.text)
    DMA1_Channel6_IRQHandler                 0x080003f3   Thumb Code     0  startup_stm32f10x_hd.o(.text)
    DMA1_Channel7_IRQHandler                 0x080003f3   Thumb Code     0  startup_stm32f10x_hd.o(.text)
    DMA2_Channel1_IRQHandler                 0x080003f3   Thumb Code     0  startup_stm32f10x_hd.o(.text)
    DMA2_Channel2_IRQHandler                 0x080003f3   Thumb Code     0  startup_stm32f10x_hd.o(.text)
    DMA2_Channel3_IRQHandler                 0x080003f3   Thumb Code     0  startup_stm32f10x_hd.o(.text)
    DMA2_Channel4_5_IRQHandler               0x080003f3   Thumb Code     0  startup_stm32f10x_hd.o(.text)
    EXTI0_IRQHandler                         0x080003f3   Thumb Code     0  startup_stm32f10x_hd.o(.text)
    EXTI15_10_IRQHandler                     0x080003f3   Thumb Code     0  startup_stm32f10x_hd.o(.text)
    EXTI1_IRQHandler                         0x080003f3   Thumb Code     0  startup_stm32f10x_hd.o(.text)
    EXTI2_IRQHandler                         0x080003f3   Thumb Code     0  startup_stm32f10x_hd.o(.text)
    EXTI3_IRQHandler                         0x080003f3   Thumb Code     0  startup_stm32f10x_hd.o(.text)
    EXTI4_IRQHandler                         0x080003f3   Thumb Code     0  startup_stm32f10x_hd.o(.text)
    EXTI9_5_IRQHandler                       0x080003f3   Thumb Code     0  startup_stm32f10x_hd.o(.text)
    FLASH_IRQHandler                         0x080003f3   Thumb Code     0  startup_stm32f10x_hd.o(.text)
    FSMC_IRQHandler                          0x080003f3   Thumb Code     0  startup_stm32f10x_hd.o(.text)
    I2C1_ER_IRQHandler                       0x080003f3   Thumb Code     0  startup_stm32f10x_hd.o(.text)
    I2C1_EV_IRQHandler                       0x080003f3   Thumb Code     0  startup_stm32f10x_hd.o(.text)
    I2C2_ER_IRQHandler                       0x080003f3   Thumb Code     0  startup_stm32f10x_hd.o(.text)
    I2C2_EV_IRQHandler                       0x080003f3   Thumb Code     0  startup_stm32f10x_hd.o(.text)
    PVD_IRQHandler                           0x080003f3   Thumb Code     0  startup_stm32f10x_hd.o(.text)
    RCC_IRQHandler                           0x080003f3   Thumb Code     0  startup_stm32f10x_hd.o(.text)
    RTCAlarm_IRQHandler                      0x080003f3   Thumb Code     0  startup_stm32f10x_hd.o(.text)
    RTC_IRQHandler                           0x080003f3   Thumb Code     0  startup_stm32f10x_hd.o(.text)
    SDIO_IRQHandler                          0x080003f3   Thumb Code     0  startup_stm32f10x_hd.o(.text)
    SPI1_IRQHandler                          0x080003f3   Thumb Code     0  startup_stm32f10x_hd.o(.text)
    SPI2_IRQHandler                          0x080003f3   Thumb Code     0  startup_stm32f10x_hd.o(.text)
    SPI3_IRQHandler                          0x080003f3   Thumb Code     0  startup_stm32f10x_hd.o(.text)
    TAMPER_IRQHandler                        0x080003f3   Thumb Code     0  startup_stm32f10x_hd.o(.text)
    TIM1_BRK_IRQHandler                      0x080003f3   Thumb Code     0  startup_stm32f10x_hd.o(.text)
    TIM1_CC_IRQHandler                       0x080003f3   Thumb Code     0  startup_stm32f10x_hd.o(.text)
    TIM1_TRG_COM_IRQHandler                  0x080003f3   Thumb Code     0  startup_stm32f10x_hd.o(.text)
    TIM1_UP_IRQHandler                       0x080003f3   Thumb Code     0  startup_stm32f10x_hd.o(.text)
    TIM2_IRQHandler                          0x080003f3   Thumb Code     0  startup_stm32f10x_hd.o(.text)
    TIM3_IRQHandler                          0x080003f3   Thumb Code     0  startup_stm32f10x_hd.o(.text)
    TIM4_IRQHandler                          0x080003f3   Thumb Code     0  startup_stm32f10x_hd.o(.text)
    TIM5_IRQHandler                          0x080003f3   Thumb Code     0  startup_stm32f10x_hd.o(.text)
    TIM6_IRQHandler                          0x080003f3   Thumb Code     0  startup_stm32f10x_hd.o(.text)
    TIM7_IRQHandler                          0x080003f3   Thumb Code     0  startup_stm32f10x_hd.o(.text)
    TIM8_BRK_IRQHandler                      0x080003f3   Thumb Code     0  startup_stm32f10x_hd.o(.text)
    TIM8_CC_IRQHandler                       0x080003f3   Thumb Code     0  startup_stm32f10x_hd.o(.text)
    TIM8_TRG_COM_IRQHandler                  0x080003f3   Thumb Code     0  startup_stm32f10x_hd.o(.text)
    TIM8_UP_IRQHandler                       0x080003f3   Thumb Code     0  startup_stm32f10x_hd.o(.text)
    UART4_IRQHandler                         0x080003f3   Thumb Code     0  startup_stm32f10x_hd.o(.text)
    UART5_IRQHandler                         0x080003f3   Thumb Code     0  startup_stm32f10x_hd.o(.text)
    USART1_IRQHandler                        0x080003f3   Thumb Code     0  startup_stm32f10x_hd.o(.text)
    USART2_IRQHandler                        0x080003f3   Thumb Code     0  startup_stm32f10x_hd.o(.text)
    USART3_IRQHandler                        0x080003f3   Thumb Code     0  startup_stm32f10x_hd.o(.text)
    USBWakeUp_IRQHandler                     0x080003f3   Thumb Code     0  startup_stm32f10x_hd.o(.text)
    USB_HP_CAN1_TX_IRQHandler                0x080003f3   Thumb Code     0  startup_stm32f10x_hd.o(.text)
    USB_LP_CAN1_RX0_IRQHandler               0x080003f3   Thumb Code     0  startup_stm32f10x_hd.o(.text)
    WWDG_IRQHandler                          0x080003f3   Thumb Code     0  startup_stm32f10x_hd.o(.text)
    __user_initial_stackheap                 0x080003f5   Thumb Code     0  startup_stm32f10x_hd.o(.text)
    NVIC_PriorityGroupConfig                 0x08000419   Thumb Code    10  misc.o(.text)
    NVIC_Init                                0x08000423   Thumb Code    94  misc.o(.text)
    NVIC_SetVectorTable                      0x08000481   Thumb Code    14  misc.o(.text)
    NVIC_SystemLPConfig                      0x0800048f   Thumb Code    20  misc.o(.text)
    SysTick_CLKSourceConfig                  0x080004a3   Thumb Code    24  misc.o(.text)
    BKP_DeInit                               0x080004c9   Thumb Code    18  stm32f10x_bkp.o(.text)
    BKP_TamperPinLevelConfig                 0x080004db   Thumb Code     6  stm32f10x_bkp.o(.text)
    BKP_TamperPinCmd                         0x080004e1   Thumb Code     8  stm32f10x_bkp.o(.text)
    BKP_ITConfig                             0x080004e9   Thumb Code     8  stm32f10x_bkp.o(.text)
    BKP_RTCOutputConfig                      0x080004f1   Thumb Code    14  stm32f10x_bkp.o(.text)
    BKP_SetRTCCalibrationValue               0x080004ff   Thumb Code    14  stm32f10x_bkp.o(.text)
    BKP_WriteBackupRegister                  0x0800050d   Thumb Code    14  stm32f10x_bkp.o(.text)
    BKP_ReadBackupRegister                   0x0800051b   Thumb Code    14  stm32f10x_bkp.o(.text)
    BKP_GetFlagStatus                        0x08000529   Thumb Code    10  stm32f10x_bkp.o(.text)
    BKP_ClearFlag                            0x08000533   Thumb Code    14  stm32f10x_bkp.o(.text)
    BKP_GetITStatus                          0x08000541   Thumb Code    10  stm32f10x_bkp.o(.text)
    BKP_ClearITPendingBit                    0x0800054b   Thumb Code    14  stm32f10x_bkp.o(.text)
    GPIO_DeInit                              0x08000561   Thumb Code   152  stm32f10x_gpio.o(.text)
    GPIO_AFIODeInit                          0x080005f9   Thumb Code    22  stm32f10x_gpio.o(.text)
    GPIO_Init                                0x0800060f   Thumb Code   156  stm32f10x_gpio.o(.text)
    GPIO_StructInit                          0x080006ab   Thumb Code    16  stm32f10x_gpio.o(.text)
    GPIO_ReadInputDataBit                    0x080006bb   Thumb Code    14  stm32f10x_gpio.o(.text)
    GPIO_ReadInputData                       0x080006c9   Thumb Code     6  stm32f10x_gpio.o(.text)
    GPIO_ReadOutputDataBit                   0x080006cf   Thumb Code    14  stm32f10x_gpio.o(.text)
    GPIO_ReadOutputData                      0x080006dd   Thumb Code     6  stm32f10x_gpio.o(.text)
    GPIO_SetBits                             0x080006e3   Thumb Code     4  stm32f10x_gpio.o(.text)
    GPIO_ResetBits                           0x080006e7   Thumb Code     4  stm32f10x_gpio.o(.text)
    GPIO_WriteBit                            0x080006eb   Thumb Code    10  stm32f10x_gpio.o(.text)
    GPIO_Write                               0x080006f5   Thumb Code     4  stm32f10x_gpio.o(.text)
    GPIO_PinLockConfig                       0x080006f9   Thumb Code    16  stm32f10x_gpio.o(.text)
    GPIO_EventOutputConfig                   0x08000709   Thumb Code    22  stm32f10x_gpio.o(.text)
    GPIO_EventOutputCmd                      0x0800071f   Thumb Code     6  stm32f10x_gpio.o(.text)
    GPIO_PinRemapConfig                      0x08000725   Thumb Code    82  stm32f10x_gpio.o(.text)
    GPIO_EXTILineConfig                      0x08000777   Thumb Code    34  stm32f10x_gpio.o(.text)
    GPIO_ETH_MediaInterfaceConfig            0x08000799   Thumb Code     8  stm32f10x_gpio.o(.text)
    PWR_DeInit                               0x080007c5   Thumb Code    24  stm32f10x_pwr.o(.text)
    PWR_BackupAccessCmd                      0x080007dd   Thumb Code     6  stm32f10x_pwr.o(.text)
    PWR_PVDCmd                               0x080007e3   Thumb Code     6  stm32f10x_pwr.o(.text)
    PWR_PVDLevelConfig                       0x080007e9   Thumb Code    14  stm32f10x_pwr.o(.text)
    PWR_WakeUpPinCmd                         0x080007f7   Thumb Code     8  stm32f10x_pwr.o(.text)
    PWR_EnterSTOPMode                        0x080007ff   Thumb Code    42  stm32f10x_pwr.o(.text)
    PWR_EnterSTANDBYMode                     0x08000829   Thumb Code    32  stm32f10x_pwr.o(.text)
    PWR_GetFlagStatus                        0x08000849   Thumb Code    16  stm32f10x_pwr.o(.text)
    PWR_ClearFlag                            0x08000859   Thumb Code    12  stm32f10x_pwr.o(.text)
    RCC_DeInit                               0x08000871   Thumb Code    50  stm32f10x_rcc.o(.text)
    RCC_HSEConfig                            0x080008a3   Thumb Code    48  stm32f10x_rcc.o(.text)
    RCC_GetFlagStatus                        0x080008d3   Thumb Code    42  stm32f10x_rcc.o(.text)
    RCC_WaitForHSEStartUp                    0x080008fd   Thumb Code    44  stm32f10x_rcc.o(.text)
    RCC_AdjustHSICalibrationValue            0x08000929   Thumb Code    16  stm32f10x_rcc.o(.text)
    RCC_HSICmd                               0x08000939   Thumb Code     6  stm32f10x_rcc.o(.text)
    RCC_PLLConfig                            0x0800093f   Thumb Code    16  stm32f10x_rcc.o(.text)
    RCC_PLLCmd                               0x0800094f   Thumb Code     6  stm32f10x_rcc.o(.text)
    RCC_SYSCLKConfig                         0x08000955   Thumb Code    14  stm32f10x_rcc.o(.text)
    RCC_GetSYSCLKSource                      0x08000963   Thumb Code    10  stm32f10x_rcc.o(.text)
    RCC_HCLKConfig                           0x0800096d   Thumb Code    14  stm32f10x_rcc.o(.text)
    RCC_PCLK1Config                          0x0800097b   Thumb Code    14  stm32f10x_rcc.o(.text)
    RCC_PCLK2Config                          0x08000989   Thumb Code    16  stm32f10x_rcc.o(.text)
    RCC_ITConfig                             0x08000999   Thumb Code    18  stm32f10x_rcc.o(.text)
    RCC_USBCLKConfig                         0x080009ab   Thumb Code     8  stm32f10x_rcc.o(.text)
    RCC_ADCCLKConfig                         0x080009b3   Thumb Code    14  stm32f10x_rcc.o(.text)
    RCC_LSEConfig                            0x080009c1   Thumb Code    28  stm32f10x_rcc.o(.text)
    RCC_LSICmd                               0x080009dd   Thumb Code     6  stm32f10x_rcc.o(.text)
    RCC_RTCCLKConfig                         0x080009e3   Thumb Code    10  stm32f10x_rcc.o(.text)
    RCC_RTCCLKCmd                            0x080009ed   Thumb Code     8  stm32f10x_rcc.o(.text)
    RCC_GetClocksFreq                        0x080009f5   Thumb Code   132  stm32f10x_rcc.o(.text)
    RCC_AHBPeriphClockCmd                    0x08000a79   Thumb Code    18  stm32f10x_rcc.o(.text)
    RCC_APB2PeriphClockCmd                   0x08000a8b   Thumb Code    18  stm32f10x_rcc.o(.text)
    RCC_APB1PeriphClockCmd                   0x08000a9d   Thumb Code    18  stm32f10x_rcc.o(.text)
    RCC_APB2PeriphResetCmd                   0x08000aaf   Thumb Code    18  stm32f10x_rcc.o(.text)
    RCC_APB1PeriphResetCmd                   0x08000ac1   Thumb Code    18  stm32f10x_rcc.o(.text)
    RCC_BackupResetCmd                       0x08000ad3   Thumb Code     8  stm32f10x_rcc.o(.text)
    RCC_ClockSecuritySystemCmd               0x08000adb   Thumb Code     6  stm32f10x_rcc.o(.text)
    RCC_MCOConfig                            0x08000ae1   Thumb Code     6  stm32f10x_rcc.o(.text)
    RCC_ClearFlag                            0x08000ae7   Thumb Code    12  stm32f10x_rcc.o(.text)
    RCC_GetITStatus                          0x08000af3   Thumb Code    16  stm32f10x_rcc.o(.text)
    RCC_ClearITPendingBit                    0x08000b03   Thumb Code     6  stm32f10x_rcc.o(.text)
    WFI_SET                                  0x08000b29   Thumb Code     4  sys.o(.text)
    INTX_DISABLE                             0x08000b2d   Thumb Code     4  sys.o(.text)
    INTX_ENABLE                              0x08000b31   Thumb Code     4  sys.o(.text)
    JTAG_Set                                 0x08000b35   Thumb Code    30  sys.o(.text)
    systemInit                               0x08000b5d   Thumb Code    38  system.o(.text)
    delay_init                               0x08000b85   Thumb Code    60  delay.o(.text)
    delay_us                                 0x08000bc1   Thumb Code    48  delay.o(.text)
    delay_ms                                 0x08000bf1   Thumb Code    54  delay.o(.text)
    delay_xms                                0x08000c27   Thumb Code    26  delay.o(.text)
    SysTick_Handler                          0x08000c41   Thumb Code    28  delay.o(.text)
    getSysTickCnt                            0x08000c5d   Thumb Code    24  delay.o(.text)
    LED_Init                                 0x08000c81   Thumb Code    50  led.o(.text)
    led_task                                 0x08000cb3   Thumb Code    28  led.o(.text)
    OLED_WR_Byte                             0x08000cdd   Thumb Code    62  oled.o(.text)
    OLED_Refresh_Gram                        0x08000d1b   Thumb Code    66  oled.o(.text)
    OLED_Display_On                          0x08000d5d   Thumb Code    28  oled.o(.text)
    OLED_Display_Off                         0x08000d79   Thumb Code    28  oled.o(.text)
    OLED_Clear                               0x08000d95   Thumb Code    36  oled.o(.text)
    OLED_DrawPoint                           0x08000db9   Thumb Code    54  oled.o(.text)
    OLED_ShowChar                            0x08000def   Thumb Code   130  oled.o(.text)
    oled_pow                                 0x08000e71   Thumb Code    16  oled.o(.text)
    OLED_ShowNumber                          0x08000e81   Thumb Code   118  oled.o(.text)
    OLED_ShowString                          0x08000ef7   Thumb Code    62  oled.o(.text)
    OLED_Init                                0x08000f35   Thumb Code   290  oled.o(.text)
    vListInitialise                          0x0800106d   Thumb Code    22  list.o(.text)
    vListInitialiseItem                      0x08001083   Thumb Code     6  list.o(.text)
    vListInsertEnd                           0x08001089   Thumb Code    24  list.o(.text)
    vListInsert                              0x080010a1   Thumb Code    48  list.o(.text)
    uxListRemove                             0x080010d1   Thumb Code    36  list.o(.text)
    xQueueGenericReset                       0x080010f5   Thumb Code   112  queue.o(.text)
    xQueueGenericCreate                      0x08001165   Thumb Code    68  queue.o(.text)
    xQueueGenericSend                        0x080012d1   Thumb Code   268  queue.o(.text)
    xQueueCreateMutex                        0x080013dd   Thumb Code    36  queue.o(.text)
    xQueueGiveMutexRecursive                 0x08001401   Thumb Code    42  queue.o(.text)
    xQueueGenericReceive                     0x08001451   Thumb Code   294  queue.o(.text)
    xQueueTakeMutexRecursive                 0x08001577   Thumb Code    50  queue.o(.text)
    xQueueCreateCountingSemaphore            0x080015a9   Thumb Code    20  queue.o(.text)
    xQueueGenericSendFromISR                 0x080015bd   Thumb Code   128  queue.o(.text)
    xQueueGiveFromISR                        0x0800163d   Thumb Code   110  queue.o(.text)
    xQueueReceiveFromISR                     0x080016ab   Thumb Code   106  queue.o(.text)
    xQueuePeekFromISR                        0x08001715   Thumb Code    54  queue.o(.text)
    uxQueueMessagesWaiting                   0x0800174b   Thumb Code    18  queue.o(.text)
    uxQueueSpacesAvailable                   0x0800175d   Thumb Code    22  queue.o(.text)
    uxQueueMessagesWaitingFromISR            0x08001773   Thumb Code     4  queue.o(.text)
    vQueueUnregisterQueue                    0x08001777   Thumb Code    36  queue.o(.text)
    vQueueDelete                             0x0800179b   Thumb Code    18  queue.o(.text)
    uxQueueGetQueueNumber                    0x080017ad   Thumb Code     4  queue.o(.text)
    vQueueSetQueueNumber                     0x080017b1   Thumb Code     4  queue.o(.text)
    ucQueueGetQueueType                      0x080017b5   Thumb Code     6  queue.o(.text)
    xQueueIsQueueEmptyFromISR                0x080017bb   Thumb Code    12  queue.o(.text)
    xQueueIsQueueFullFromISR                 0x080017c7   Thumb Code    16  queue.o(.text)
    vQueueAddToRegistry                      0x080017d7   Thumb Code    32  queue.o(.text)
    pcQueueGetName                           0x080017f7   Thumb Code    34  queue.o(.text)
    vQueueWaitForMessageRestricted           0x08001819   Thumb Code    66  queue.o(.text)
    xQueueCreateSet                          0x0800185b   Thumb Code     6  queue.o(.text)
    xQueueAddToSet                           0x08001861   Thumb Code    34  queue.o(.text)
    xQueueRemoveFromSet                      0x08001883   Thumb Code    34  queue.o(.text)
    xQueueSelectFromSet                      0x080018a5   Thumb Code    18  queue.o(.text)
    xQueueSelectFromSetFromISR               0x080018b7   Thumb Code    18  queue.o(.text)
    xTaskCreate                              0x080019a9   Thumb Code    86  tasks.o(.text)
    vTaskDelete                              0x080019ff   Thumb Code   140  tasks.o(.text)
    xTaskIncrementTick                       0x08001a8b   Thumb Code   170  tasks.o(.text)
    xTaskResumeAll                           0x08001b35   Thumb Code   168  tasks.o(.text)
    vTaskSuspendAll                          0x08001c43   Thumb Code    10  tasks.o(.text)
    vTaskDelayUntil                          0x08001c4d   Thumb Code    80  tasks.o(.text)
    vTaskDelay                               0x08001c9d   Thumb Code    64  tasks.o(.text)
    eTaskGetState                            0x08001cdd   Thumb Code    76  tasks.o(.text)
    uxTaskPriorityGet                        0x08001d29   Thumb Code    24  tasks.o(.text)
    uxTaskPriorityGetFromISR                 0x08001d41   Thumb Code    40  tasks.o(.text)
    vTaskPrioritySet                         0x08001d69   Thumb Code   168  tasks.o(.text)
    vTaskSwitchContext                       0x08001e11   Thumb Code    60  tasks.o(.text)
    vTaskSuspend                             0x08001e4d   Thumb Code   138  tasks.o(.text)
    vTaskResume                              0x08001ed7   Thumb Code    96  tasks.o(.text)
    xTaskResumeFromISR                       0x08001f37   Thumb Code   108  tasks.o(.text)
    vTaskStartScheduler                      0x08001fc1   Thumb Code    74  tasks.o(.text)
    vTaskEndScheduler                        0x0800200b   Thumb Code    24  tasks.o(.text)
    xTaskGetTickCount                        0x08002023   Thumb Code     6  tasks.o(.text)
    xTaskGetTickCountFromISR                 0x08002029   Thumb Code    12  tasks.o(.text)
    uxTaskGetNumberOfTasks                   0x08002035   Thumb Code     6  tasks.o(.text)
    pcTaskGetName                            0x0800203b   Thumb Code    10  tasks.o(.text)
    vTaskGetInfo                             0x08002045   Thumb Code   156  tasks.o(.text)
    uxTaskGetSystemState                     0x08002135   Thumb Code   156  tasks.o(.text)
    vTaskPlaceOnEventList                    0x080021d1   Thumb Code    28  tasks.o(.text)
    vTaskPlaceOnUnorderedEventList           0x080021ed   Thumb Code    38  tasks.o(.text)
    vTaskPlaceOnEventListRestricted          0x08002213   Thumb Code    36  tasks.o(.text)
    xTaskRemoveFromEventList                 0x08002237   Thumb Code    88  tasks.o(.text)
    xTaskRemoveFromUnorderedEventList        0x0800228f   Thumb Code    74  tasks.o(.text)
    vTaskSetTimeOutState                     0x080022d9   Thumb Code    12  tasks.o(.text)
    xTaskCheckForTimeOut                     0x080022e5   Thumb Code    66  tasks.o(.text)
    vTaskMissedYield                         0x08002327   Thumb Code     8  tasks.o(.text)
    uxTaskGetTaskNumber                      0x0800232f   Thumb Code     8  tasks.o(.text)
    vTaskSetTaskNumber                       0x08002337   Thumb Code     8  tasks.o(.text)
    xTaskGetCurrentTaskHandle                0x0800233f   Thumb Code     6  tasks.o(.text)
    xTaskGetSchedulerState                   0x08002345   Thumb Code    22  tasks.o(.text)
    vTaskPriorityInherit                     0x0800235b   Thumb Code   124  tasks.o(.text)
    xTaskPriorityDisinherit                  0x080023d7   Thumb Code   104  tasks.o(.text)
    vTaskList                                0x0800243f   Thumb Code   188  tasks.o(.text)
    uxTaskResetEventItemValue                0x080024fb   Thumb Code    20  tasks.o(.text)
    pvTaskIncrementMutexHeldCount            0x0800250f   Thumb Code    18  tasks.o(.text)
    ulTaskNotifyTake                         0x08002521   Thumb Code   128  tasks.o(.text)
    xTaskNotifyWait                          0x080025a1   Thumb Code   128  tasks.o(.text)
    xTaskGenericNotify                       0x08002621   Thumb Code   150  tasks.o(.text)
    xTaskGenericNotifyFromISR                0x080026b7   Thumb Code   188  tasks.o(.text)
    vTaskNotifyGiveFromISR                   0x08002773   Thumb Code   130  tasks.o(.text)
    xTaskNotifyStateClear                    0x080027f5   Thumb Code    44  tasks.o(.text)
    xTimerGenericCommand                     0x08002985   Thumb Code    74  timers.o(.text)
    xTimerCreateTimerTask                    0x08002acf   Thumb Code    44  timers.o(.text)
    xTimerCreate                             0x08002afb   Thumb Code    56  timers.o(.text)
    xTimerGetTimerDaemonTaskHandle           0x08002b33   Thumb Code     6  timers.o(.text)
    xTimerGetPeriod                          0x08002b39   Thumb Code     4  timers.o(.text)
    xTimerGetExpiryTime                      0x08002b3d   Thumb Code     4  timers.o(.text)
    pcTimerGetName                           0x08002b41   Thumb Code     4  timers.o(.text)
    xTimerIsTimerActive                      0x08002b45   Thumb Code    26  timers.o(.text)
    pvTimerGetTimerID                        0x08002b5f   Thumb Code    18  timers.o(.text)
    vTimerSetTimerID                         0x08002b71   Thumb Code    20  timers.o(.text)
    xTimerPendFunctionCallFromISR            0x08002b85   Thumb Code    34  timers.o(.text)
    xTimerPendFunctionCall                   0x08002ba7   Thumb Code    32  timers.o(.text)
    pvPortMalloc                             0x08002d41   Thumb Code   148  heap_4.o(.text)
    vPortFree                                0x08002dd5   Thumb Code    60  heap_4.o(.text)
    xPortGetFreeHeapSize                     0x08002e11   Thumb Code     8  heap_4.o(.text)
    xPortGetMinimumEverFreeHeapSize          0x08002e19   Thumb Code     8  heap_4.o(.text)
    vPortInitialiseBlocks                    0x08002e21   Thumb Code     2  heap_4.o(.text)
    pxPortInitialiseStack                    0x08002e7d   Thumb Code    32  port.o(.text)
    vPortSetupTimerInterrupt                 0x08002e9d   Thumb Code    26  port.o(.text)
    xPortStartScheduler                      0x08002eb7   Thumb Code   108  port.o(.text)
    vPortEndScheduler                        0x08002f23   Thumb Code     2  port.o(.text)
    vPortEnterCritical                       0x08002f25   Thumb Code    34  port.o(.text)
    vPortExitCritical                        0x08002f47   Thumb Code    16  port.o(.text)
    xPortSysTickHandler                      0x08002f57   Thumb Code    40  port.o(.text)
    vPortValidateInterruptPriority           0x08002f7f   Thumb Code    26  port.o(.text)
    start_task                               0x08002fad   Thumb Code    22  main.o(.text)
    main                                     0x08002fc3   Thumb Code    36  main.o(.text)
    __2sprintf                               0x08002ff9   Thumb Code    34  noretval__2sprintf.o(.text)
    __printf                                 0x08003021   Thumb Code   104  __printf.o(.text)
    _printf_str                              0x08003089   Thumb Code    82  _printf_str.o(.text)
    _printf_int_dec                          0x080030dd   Thumb Code   104  _printf_dec.o(.text)
    strcpy                                   0x08003155   Thumb Code    72  strcpy.o(.text)
    strlen                                   0x0800319d   Thumb Code    62  strlen.o(.text)
    __aeabi_memcpy                           0x080031db   Thumb Code     0  rt_memcpy_v6.o(.text)
    __rt_memcpy                              0x080031db   Thumb Code   138  rt_memcpy_v6.o(.text)
    _memcpy_lastbytes                        0x08003241   Thumb Code     0  rt_memcpy_v6.o(.text)
    __aeabi_memset                           0x08003265   Thumb Code    16  aeabi_memset.o(.text)
    __use_two_region_memory                  0x08003275   Thumb Code     2  heapauxi.o(.text)
    __rt_heap_escrow$2region                 0x08003277   Thumb Code     2  heapauxi.o(.text)
    __rt_heap_expand$2region                 0x08003279   Thumb Code     2  heapauxi.o(.text)
    _printf_int_common                       0x0800327b   Thumb Code   178  _printf_intcommon.o(.text)
    _printf_char_common                      0x08003337   Thumb Code    32  _printf_char_common.o(.text)
    _sputc                                   0x0800335d   Thumb Code    10  _sputc.o(.text)
    _printf_cs_common                        0x08003367   Thumb Code    20  _printf_char.o(.text)
    _printf_char                             0x0800337b   Thumb Code    16  _printf_char.o(.text)
    _printf_string                           0x0800338b   Thumb Code     8  _printf_char.o(.text)
    __aeabi_memcpy4                          0x08003393   Thumb Code     0  rt_memcpy_w.o(.text)
    __aeabi_memcpy8                          0x08003393   Thumb Code     0  rt_memcpy_w.o(.text)
    __rt_memcpy_w                            0x08003393   Thumb Code   100  rt_memcpy_w.o(.text)
    _memcpy_lastbytes_aligned                0x080033db   Thumb Code     0  rt_memcpy_w.o(.text)
    __aeabi_memclr                           0x080033f7   Thumb Code     0  rt_memclr.o(.text)
    __rt_memclr                              0x080033f7   Thumb Code    68  rt_memclr.o(.text)
    _memset                                  0x080033fb   Thumb Code     0  rt_memclr.o(.text)
    __aeabi_memclr4                          0x0800343b   Thumb Code     0  rt_memclr_w.o(.text)
    __aeabi_memclr8                          0x0800343b   Thumb Code     0  rt_memclr_w.o(.text)
    __rt_memclr_w                            0x0800343b   Thumb Code    78  rt_memclr_w.o(.text)
    _memset_w                                0x0800343f   Thumb Code     0  rt_memclr_w.o(.text)
    __user_setup_stackheap                   0x08003489   Thumb Code    74  sys_stackheap_outer.o(.text)
    exit                                     0x080034d3   Thumb Code    18  exit.o(.text)
    __user_libspace                          0x080034e5   Thumb Code     8  libspace.o(.text)
    __user_perproc_libspace                  0x080034e5   Thumb Code     0  libspace.o(.text)
    __user_perthread_libspace                0x080034e5   Thumb Code     0  libspace.o(.text)
    _sys_exit                                0x080034ed   Thumb Code     8  sys_exit.o(.text)
    __I$use$semihosting                      0x080034f9   Thumb Code     0  use_no_semi.o(.text)
    __use_no_semihosting_swi                 0x080034f9   Thumb Code     2  use_no_semi.o(.text)
    __semihosting_library_function           0x080034fb   Thumb Code     0  indicate_semi.o(.text)
    oled_asc2_1206                           0x080034fa   Data        1140  oled.o(.constdata)
    oled_asc2_1608                           0x0800396e   Data        1520  oled.o(.constdata)
    Region$$Table$$Base                      0x08003f60   Number         0  anon$$obj.o(Region$$Table)
    Region$$Table$$Limit                     0x08003f80   Number         0  anon$$obj.o(Region$$Table)
    SystemCoreClock                          0x20000000   Data           4  system_stm32f10x.o(.data)
    AHBPrescTable                            0x20000004   Data          16  system_stm32f10x.o(.data)
    Led_Count                                0x20000030   Data           4  led.o(.data)
    pxCurrentTCB                             0x20000034   Data           4  tasks.o(.data)
    StartTask_Handler                        0x200000a8   Data           4  main.o(.data)
    OLED_GRAM                                0x200000ac   Data        1024  oled.o(.bss)
    xQueueRegistry                           0x200004ac   Data          64  queue.o(.bss)
    __libspace_start                         0x200057f8   Data          96  libspace.o(.bss)
    __temporary_stack_top$libspace           0x20005858   Data           0  libspace.o(.bss)



==============================================================================

Memory Map of the image

  Image Entry point : 0x08000131

  Load Region LR_IROM1 (Base: 0x08000000, Size: 0x0000402c, Max: 0x00080000, ABSOLUTE)

    Execution Region ER_IROM1 (Exec base: 0x08000000, Load base: 0x08000000, Size: 0x00003f80, Max: 0x00080000, ABSOLUTE)

    Exec Addr    Load Addr    Size         Type   Attr      Idx    E Section Name        Object

    0x08000000   0x08000000   0x00000130   Data   RO          135    RESET               startup_stm32f10x_hd.o
    0x08000130   0x08000130   0x00000008   Code   RO          890  * !!!main             c_w.l(__main.o)
    0x08000138   0x08000138   0x00000034   Code   RO         1064    !!!scatter          c_w.l(__scatter.o)
    0x0800016c   0x0800016c   0x0000001a   Code   RO         1066    !!handler_copy      c_w.l(__scatter_copy.o)
    0x08000186   0x08000186   0x00000002   PAD
    0x08000188   0x08000188   0x0000001c   Code   RO         1068    !!handler_zi        c_w.l(__scatter_zi.o)
    0x080001a4   0x080001a4   0x00000000   Code   RO          879    .ARM.Collect$$_printf_percent$$00000000  c_w.l(_printf_percent.o)
    0x080001a4   0x080001a4   0x00000006   Code   RO          878    .ARM.Collect$$_printf_percent$$0000000A  c_w.l(_printf_u.o)
    0x080001aa   0x080001aa   0x00000006   Code   RO          877    .ARM.Collect$$_printf_percent$$00000013  c_w.l(_printf_c.o)
    0x080001b0   0x080001b0   0x00000004   Code   RO          901    .ARM.Collect$$_printf_percent$$00000017  c_w.l(_printf_percent_end.o)
    0x080001b4   0x080001b4   0x00000002   Code   RO          934    .ARM.Collect$$libinit$$00000000  c_w.l(libinit.o)
    0x080001b6   0x080001b6   0x00000000   Code   RO          941    .ARM.Collect$$libinit$$00000002  c_w.l(libinit2.o)
    0x080001b6   0x080001b6   0x00000000   Code   RO          943    .ARM.Collect$$libinit$$00000004  c_w.l(libinit2.o)
    0x080001b6   0x080001b6   0x00000000   Code   RO          946    .ARM.Collect$$libinit$$0000000A  c_w.l(libinit2.o)
    0x080001b6   0x080001b6   0x00000000   Code   RO          948    .ARM.Collect$$libinit$$0000000C  c_w.l(libinit2.o)
    0x080001b6   0x080001b6   0x00000000   Code   RO          950    .ARM.Collect$$libinit$$0000000E  c_w.l(libinit2.o)
    0x080001b6   0x080001b6   0x00000000   Code   RO          953    .ARM.Collect$$libinit$$00000011  c_w.l(libinit2.o)
    0x080001b6   0x080001b6   0x00000000   Code   RO          955    .ARM.Collect$$libinit$$00000013  c_w.l(libinit2.o)
    0x080001b6   0x080001b6   0x00000000   Code   RO          957    .ARM.Collect$$libinit$$00000015  c_w.l(libinit2.o)
    0x080001b6   0x080001b6   0x00000000   Code   RO          959    .ARM.Collect$$libinit$$00000017  c_w.l(libinit2.o)
    0x080001b6   0x080001b6   0x00000000   Code   RO          961    .ARM.Collect$$libinit$$00000019  c_w.l(libinit2.o)
    0x080001b6   0x080001b6   0x00000000   Code   RO          963    .ARM.Collect$$libinit$$0000001B  c_w.l(libinit2.o)
    0x080001b6   0x080001b6   0x00000000   Code   RO          965    .ARM.Collect$$libinit$$0000001D  c_w.l(libinit2.o)
    0x080001b6   0x080001b6   0x00000000   Code   RO          967    .ARM.Collect$$libinit$$0000001F  c_w.l(libinit2.o)
    0x080001b6   0x080001b6   0x00000000   Code   RO          969    .ARM.Collect$$libinit$$00000021  c_w.l(libinit2.o)
    0x080001b6   0x080001b6   0x00000000   Code   RO          971    .ARM.Collect$$libinit$$00000023  c_w.l(libinit2.o)
    0x080001b6   0x080001b6   0x00000000   Code   RO          973    .ARM.Collect$$libinit$$00000025  c_w.l(libinit2.o)
    0x080001b6   0x080001b6   0x00000000   Code   RO          977    .ARM.Collect$$libinit$$0000002C  c_w.l(libinit2.o)
    0x080001b6   0x080001b6   0x00000000   Code   RO          979    .ARM.Collect$$libinit$$0000002E  c_w.l(libinit2.o)
    0x080001b6   0x080001b6   0x00000000   Code   RO          981    .ARM.Collect$$libinit$$00000030  c_w.l(libinit2.o)
    0x080001b6   0x080001b6   0x00000000   Code   RO          983    .ARM.Collect$$libinit$$00000032  c_w.l(libinit2.o)
    0x080001b6   0x080001b6   0x00000002   Code   RO          984    .ARM.Collect$$libinit$$00000033  c_w.l(libinit2.o)
    0x080001b8   0x080001b8   0x00000002   Code   RO         1004    .ARM.Collect$$libshutdown$$00000000  c_w.l(libshutdown.o)
    0x080001ba   0x080001ba   0x00000000   Code   RO         1017    .ARM.Collect$$libshutdown$$00000002  c_w.l(libshutdown2.o)
    0x080001ba   0x080001ba   0x00000000   Code   RO         1019    .ARM.Collect$$libshutdown$$00000004  c_w.l(libshutdown2.o)
    0x080001ba   0x080001ba   0x00000000   Code   RO         1022    .ARM.Collect$$libshutdown$$00000007  c_w.l(libshutdown2.o)
    0x080001ba   0x080001ba   0x00000000   Code   RO         1025    .ARM.Collect$$libshutdown$$0000000A  c_w.l(libshutdown2.o)
    0x080001ba   0x080001ba   0x00000000   Code   RO         1027    .ARM.Collect$$libshutdown$$0000000C  c_w.l(libshutdown2.o)
    0x080001ba   0x080001ba   0x00000000   Code   RO         1030    .ARM.Collect$$libshutdown$$0000000F  c_w.l(libshutdown2.o)
    0x080001ba   0x080001ba   0x00000002   Code   RO         1031    .ARM.Collect$$libshutdown$$00000010  c_w.l(libshutdown2.o)
    0x080001bc   0x080001bc   0x00000000   Code   RO          892    .ARM.Collect$$rtentry$$00000000  c_w.l(__rtentry.o)
    0x080001bc   0x080001bc   0x00000000   Code   RO          907    .ARM.Collect$$rtentry$$00000002  c_w.l(__rtentry2.o)
    0x080001bc   0x080001bc   0x00000006   Code   RO          919    .ARM.Collect$$rtentry$$00000004  c_w.l(__rtentry4.o)
    0x080001c2   0x080001c2   0x00000000   Code   RO          909    .ARM.Collect$$rtentry$$00000009  c_w.l(__rtentry2.o)
    0x080001c2   0x080001c2   0x00000004   Code   RO          910    .ARM.Collect$$rtentry$$0000000A  c_w.l(__rtentry2.o)
    0x080001c6   0x080001c6   0x00000000   Code   RO          912    .ARM.Collect$$rtentry$$0000000C  c_w.l(__rtentry2.o)
    0x080001c6   0x080001c6   0x00000008   Code   RO          913    .ARM.Collect$$rtentry$$0000000D  c_w.l(__rtentry2.o)
    0x080001ce   0x080001ce   0x00000002   Code   RO          938    .ARM.Collect$$rtexit$$00000000  c_w.l(rtexit.o)
    0x080001d0   0x080001d0   0x00000000   Code   RO          986    .ARM.Collect$$rtexit$$00000002  c_w.l(rtexit2.o)
    0x080001d0   0x080001d0   0x00000004   Code   RO          987    .ARM.Collect$$rtexit$$00000003  c_w.l(rtexit2.o)
    0x080001d4   0x080001d4   0x00000006   Code   RO          988    .ARM.Collect$$rtexit$$00000004  c_w.l(rtexit2.o)
    0x080001da   0x080001da   0x00000002   PAD
    0x080001dc   0x080001dc   0x00000096   Code   RO          799    .emb_text           port.o
    0x08000272   0x08000272   0x0000000c   Code   RO           17    .text               stm32f10x_it.o
    0x0800027e   0x0800027e   0x00000002   PAD
    0x08000280   0x08000280   0x00000158   Code   RO          115    .text               system_stm32f10x.o
    0x080003d8   0x080003d8   0x00000040   Code   RO          136    .text               startup_stm32f10x_hd.o
    0x08000418   0x08000418   0x000000b0   Code   RO          140    .text               misc.o
    0x080004c8   0x080004c8   0x00000098   Code   RO          190    .text               stm32f10x_bkp.o
    0x08000560   0x08000560   0x00000264   Code   RO          311    .text               stm32f10x_gpio.o
    0x080007c4   0x080007c4   0x000000ac   Code   RO          347    .text               stm32f10x_pwr.o
    0x08000870   0x08000870   0x000002b8   Code   RO          359    .text               stm32f10x_rcc.o
    0x08000b28   0x08000b28   0x00000034   Code   RO          448    .text               sys.o
    0x08000b5c   0x08000b5c   0x00000026   Code   RO          466    .text               system.o
    0x08000b82   0x08000b82   0x00000002   PAD
    0x08000b84   0x08000b84   0x000000fc   Code   RO          561    .text               delay.o
    0x08000c80   0x08000c80   0x0000005c   Code   RO          597    .text               led.o
    0x08000cdc   0x08000cdc   0x00000390   Code   RO          615    .text               oled.o
    0x0800106c   0x0800106c   0x00000088   Code   RO          702    .text               list.o
    0x080010f4   0x080010f4   0x000007f4   Code   RO          714    .text               queue.o
    0x080018e8   0x080018e8   0x00001068   Code   RO          733    .text               tasks.o
    0x08002950   0x08002950   0x000003a8   Code   RO          769    .text               timers.o
    0x08002cf8   0x08002cf8   0x00000174   Code   RO          784    .text               heap_4.o
    0x08002e6c   0x08002e6c   0x00000140   Code   RO          800    .text               port.o
    0x08002fac   0x08002fac   0x0000004c   Code   RO          830    .text               main.o
    0x08002ff8   0x08002ff8   0x00000028   Code   RO          849    .text               c_w.l(noretval__2sprintf.o)
    0x08003020   0x08003020   0x00000068   Code   RO          851    .text               c_w.l(__printf.o)
    0x08003088   0x08003088   0x00000052   Code   RO          853    .text               c_w.l(_printf_str.o)
    0x080030da   0x080030da   0x00000002   PAD
    0x080030dc   0x080030dc   0x00000078   Code   RO          855    .text               c_w.l(_printf_dec.o)
    0x08003154   0x08003154   0x00000048   Code   RO          880    .text               c_w.l(strcpy.o)
    0x0800319c   0x0800319c   0x0000003e   Code   RO          882    .text               c_w.l(strlen.o)
    0x080031da   0x080031da   0x0000008a   Code   RO          884    .text               c_w.l(rt_memcpy_v6.o)
    0x08003264   0x08003264   0x00000010   Code   RO          886    .text               c_w.l(aeabi_memset.o)
    0x08003274   0x08003274   0x00000006   Code   RO          888    .text               c_w.l(heapauxi.o)
    0x0800327a   0x0800327a   0x000000b2   Code   RO          893    .text               c_w.l(_printf_intcommon.o)
    0x0800332c   0x0800332c   0x00000030   Code   RO          895    .text               c_w.l(_printf_char_common.o)
    0x0800335c   0x0800335c   0x0000000a   Code   RO          897    .text               c_w.l(_sputc.o)
    0x08003366   0x08003366   0x0000002c   Code   RO          899    .text               c_w.l(_printf_char.o)
    0x08003392   0x08003392   0x00000064   Code   RO          902    .text               c_w.l(rt_memcpy_w.o)
    0x080033f6   0x080033f6   0x00000044   Code   RO          904    .text               c_w.l(rt_memclr.o)
    0x0800343a   0x0800343a   0x0000004e   Code   RO          923    .text               c_w.l(rt_memclr_w.o)
    0x08003488   0x08003488   0x0000004a   Code   RO          925    .text               c_w.l(sys_stackheap_outer.o)
    0x080034d2   0x080034d2   0x00000012   Code   RO          927    .text               c_w.l(exit.o)
    0x080034e4   0x080034e4   0x00000008   Code   RO          935    .text               c_w.l(libspace.o)
    0x080034ec   0x080034ec   0x0000000c   Code   RO          996    .text               c_w.l(sys_exit.o)
    0x080034f8   0x080034f8   0x00000002   Code   RO         1007    .text               c_w.l(use_no_semi.o)
    0x080034fa   0x080034fa   0x00000000   Code   RO         1009    .text               c_w.l(indicate_semi.o)
    0x080034fa   0x080034fa   0x00000a64   Data   RO          617    .constdata          oled.o
    0x08003f5e   0x08003f5e   0x00000002   PAD
    0x08003f60   0x08003f60   0x00000020   Data   RO         1062    Region$$Table       anon$$obj.o


    Execution Region RW_IRAM1 (Exec base: 0x20000000, Load base: 0x08003f80, Size: 0x00005e58, Max: 0x00010000, ABSOLUTE)

    Exec Addr    Load Addr    Size         Type   Attr      Idx    E Section Name        Object

    0x20000000   0x08003f80   0x00000014   Data   RW          116    .data               system_stm32f10x.o
    0x20000014   0x08003f94   0x00000014   Data   RW          360    .data               stm32f10x_rcc.o
    0x20000028   0x08003fa8   0x00000008   Data   RW          562    .data               delay.o
    0x20000030   0x08003fb0   0x00000004   Data   RW          598    .data               led.o
    0x20000034   0x08003fb4   0x0000003c   Data   RW          735    .data               tasks.o
    0x20000070   0x08003ff0   0x00000014   Data   RW          771    .data               timers.o
    0x20000084   0x08004004   0x00000018   Data   RW          786    .data               heap_4.o
    0x2000009c   0x0800401c   0x0000000c   Data   RW          801    .data               port.o
    0x200000a8   0x08004028   0x00000004   Data   RW          831    .data               main.o
    0x200000ac        -       0x00000400   Zero   RW          616    .bss                oled.o
    0x200004ac        -       0x00000040   Zero   RW          715    .bss                queue.o
    0x200004ec        -       0x000002e4   Zero   RW          734    .bss                tasks.o
    0x200007d0        -       0x00000028   Zero   RW          770    .bss                timers.o
    0x200007f8        -       0x00005000   Zero   RW          785    .bss                heap_4.o
    0x200057f8        -       0x00000060   Zero   RW          936    .bss                c_w.l(libspace.o)
    0x20005858        -       0x00000200   Zero   RW          134    HEAP                startup_stm32f10x_hd.o
    0x20005a58        -       0x00000400   Zero   RW          133    STACK               startup_stm32f10x_hd.o


==============================================================================

Image component sizes


      Code (inc. data)   RO Data    RW Data    ZI Data      Debug   Object Name

         0          0          0          0          0       4540   core_cm3.o
       252         12          0          8          0       1751   delay.o
         0          0          0          0          0       9220   event_groups.o
       372          8          0         24      20480       3192   heap_4.o
        92         14          0          4          0        784   led.o
       136          0          0          0          0       1706   list.o
        76         18          0          4          0        758   main.o
       176         14          0          0          0     206481   misc.o
       912         22       2660          0       1024       4573   oled.o
       470         32          0         12          0       7373   port.o
      2036         12          0          0         64      16544   queue.o
        64         26        304          0       1536        736   startup_stm32f10x_hd.o
       152          8          0          0          0       3404   stm32f10x_bkp.o
       612         36          0          0          0       5933   stm32f10x_gpio.o
        12          0          0          0          0      17871   stm32f10x_it.o
       172         12          0          0          0       1935   stm32f10x_pwr.o
       696         32          0         20          0       8872   stm32f10x_rcc.o
        52         10          0          0          0        732   sys.o
        38          0          0          0          0      15021   system.o
       344         34          0         20          0       1707   system_stm32f10x.o
      4200        108          0         60        740      32530   tasks.o
       936         42          0         20         40       8348   timers.o

    ----------------------------------------------------------------------
     11804        440       2998        172      23884     354011   Object Totals
         0          0         32          0          0          0   (incl. Generated)
         4          0          2          0          0          0   (incl. Padding)

    ----------------------------------------------------------------------

      Code (inc. data)   RO Data    RW Data    ZI Data      Debug   Library Member Name

         8          0          0          0          0         68   __main.o
       104          0          0          0          0         84   __printf.o
         0          0          0          0          0          0   __rtentry.o
        12          0          0          0          0          0   __rtentry2.o
         6          0          0          0          0          0   __rtentry4.o
        52          8          0          0          0          0   __scatter.o
        26          0          0          0          0          0   __scatter_copy.o
        28          0          0          0          0          0   __scatter_zi.o
         6          0          0          0          0          0   _printf_c.o
        44          0          0          0          0        108   _printf_char.o
        48          6          0          0          0         96   _printf_char_common.o
       120         16          0          0          0         92   _printf_dec.o
       178          0          0          0          0         88   _printf_intcommon.o
         0          0          0          0          0          0   _printf_percent.o
         4          0          0          0          0          0   _printf_percent_end.o
        82          0          0          0          0         80   _printf_str.o
         6          0          0          0          0          0   _printf_u.o
        10          0          0          0          0         68   _sputc.o
        16          0          0          0          0         68   aeabi_memset.o
        18          0          0          0          0         80   exit.o
         6          0          0          0          0        152   heapauxi.o
         0          0          0          0          0          0   indicate_semi.o
         2          0          0          0          0          0   libinit.o
         2          0          0          0          0          0   libinit2.o
         2          0          0          0          0          0   libshutdown.o
         2          0          0          0          0          0   libshutdown2.o
         8          4          0          0         96         68   libspace.o
        40          6          0          0          0         84   noretval__2sprintf.o
        68          0          0          0          0         68   rt_memclr.o
        78          0          0          0          0         80   rt_memclr_w.o
       138          0          0          0          0         68   rt_memcpy_v6.o
       100          0          0          0          0         80   rt_memcpy_w.o
         2          0          0          0          0          0   rtexit.o
        10          0          0          0          0          0   rtexit2.o
        72          0          0          0          0         80   strcpy.o
        62          0          0          0          0         76   strlen.o
        12          4          0          0          0         68   sys_exit.o
        74          0          0          0          0         80   sys_stackheap_outer.o
         2          0          0          0          0         68   use_no_semi.o

    ----------------------------------------------------------------------
      1454         44          0          0         96       1804   Library Totals
         6          0          0          0          0          0   (incl. Padding)

    ----------------------------------------------------------------------

      Code (inc. data)   RO Data    RW Data    ZI Data      Debug   Library Name

      1448         44          0          0         96       1804   c_w.l

    ----------------------------------------------------------------------
      1454         44          0          0         96       1804   Library Totals

    ----------------------------------------------------------------------

==============================================================================


      Code (inc. data)   RO Data    RW Data    ZI Data      Debug   

     13258        484       2998        172      23980     352275   Grand Totals
     13258        484       2998        172      23980     352275   ELF Image Totals
     13258        484       2998        172          0          0   ROM Totals

==============================================================================

    Total RO  Size (Code + RO Data)                16256 (  15.88kB)
    Total RW  Size (RW Data + ZI Data)             24152 (  23.59kB)
    Total ROM Size (Code + RO Data + RW Data)      16428 (  16.04kB)

==============================================================================

